Archive member included to satisfy reference by file (symbol)

/usr/lib/gcc/arm-none-eabi/9.2.1/libgcc.a(_udivsi3.o)
                              build/stdio.o (__aeabi_uidiv)
/usr/lib/gcc/arm-none-eabi/9.2.1/libgcc.a(_dvmd_tls.o)
                              /usr/lib/gcc/arm-none-eabi/9.2.1/libgcc.a(_udivsi3.o) (__aeabi_idiv0)

Memory Configuration

Name             Origin             Length             Attributes
*default*        0x0000000000000000 0xffffffffffffffff

Linker script and memory map

LOAD build/Entry.os
LOAD build/Main.o
LOAD build/Handler.o
LOAD build/Regs.o
LOAD build/Interrupt.o
LOAD build/Uart.o
LOAD build/Timer.o
LOAD build/stdlib.o
LOAD build/stdio.o
LOAD build/armcpu.o
LOAD build/task.o
LOAD build/Kernel.o
LOAD /usr/lib/gcc/arm-none-eabi/9.2.1/libgcc.a
                0x0000000000000000                . = 0x0

.text           0x0000000000000000     0x156c
 *(vector_start)
 *(.text .rodata)
 .text          0x0000000000000000       0xd4 build/Entry.os
                0x0000000000000000                vector_start
                0x000000000000003c                vector_end
 .text          0x00000000000000d4      0x2bc build/Main.o
                0x00000000000000d4                main
                0x000000000000030c                User_task0
                0x0000000000000338                User_task1
                0x0000000000000364                User_task2
 .rodata        0x0000000000000390      0x162 build/Main.o
 *fill*         0x00000000000004f2        0x2 
 .text          0x00000000000004f4       0x24 build/Handler.o
                0x00000000000004f4                Irq_Handler
                0x0000000000000510                Fiq_Handler
 .text          0x0000000000000518        0x0 build/Regs.o
 .text          0x0000000000000518      0x2f0 build/Interrupt.o
                0x0000000000000518                Hal_interrupt_init
                0x00000000000005b4                Hal_interrupt_enable
                0x0000000000000680                Hal_interrupt_disable
                0x000000000000074c                Hal_interrupt_register_handler
                0x0000000000000784                Hal_interrupt_run_handler
 .text          0x0000000000000808      0x1b0 build/Uart.o
                0x0000000000000808                Hal_uart_init
                0x00000000000008a8                Hal_uart_put_char
                0x0000000000000904                Hal_uart_get_char
 .text          0x00000000000009b8      0x210 build/Timer.o
                0x00000000000009b8                Hal_timer_init
                0x0000000000000ba4                Hal_timer_get_1ms_counter
 .text          0x0000000000000bc8       0x4c build/stdlib.o
                0x0000000000000bc8                delay
 .text          0x0000000000000c14      0x44c build/stdio.o
                0x0000000000000c14                putstr
                0x0000000000000c74                debug_printf
                0x0000000000000cc4                vsprintf
                0x0000000000000f4c                utoa
 .rodata        0x0000000000001060        0x7 build/stdio.o
 *fill*         0x0000000000001067        0x1 
 .text          0x0000000000001068       0xb0 build/armcpu.o
                0x0000000000001068                enable_irq
                0x0000000000001094                enable_fiq
                0x00000000000010c0                disable_irq
                0x00000000000010ec                disable_fiq
 .text          0x0000000000001118      0x300 build/task.o
                0x0000000000001118                Kernel_task_init
                0x0000000000001224                Kernel_task_start
                0x0000000000001260                Kernel_task_create
                0x0000000000001374                Kernel_task_scheduler
                0x00000000000013c4                Kernel_task_context_switching
 .text          0x0000000000001418       0x3c build/Kernel.o
                0x0000000000001418                Kernel_start
                0x000000000000142c                Kernel_yield
                0x0000000000001440                Kernel_timer_expired
 .text          0x0000000000001454      0x114 /usr/lib/gcc/arm-none-eabi/9.2.1/libgcc.a(_udivsi3.o)
                0x0000000000001454                __udivsi3
                0x0000000000001454                __aeabi_uidiv
                0x0000000000001548                __aeabi_uidivmod
 .text          0x0000000000001568        0x4 /usr/lib/gcc/arm-none-eabi/9.2.1/libgcc.a(_dvmd_tls.o)
                0x0000000000001568                __aeabi_ldiv0
                0x0000000000001568                __aeabi_idiv0

.glue_7         0x000000000000156c        0x0
 .glue_7        0x000000000000156c        0x0 linker stubs

.glue_7t        0x000000000000156c        0x0
 .glue_7t       0x000000000000156c        0x0 linker stubs

.vfp11_veneer   0x000000000000156c        0x0
 .vfp11_veneer  0x000000000000156c        0x0 linker stubs

.v4_bx          0x000000000000156c        0x0
 .v4_bx         0x000000000000156c        0x0 linker stubs

.iplt           0x000000000000156c        0x0
 .iplt          0x000000000000156c        0x0 build/Entry.os

.rel.dyn        0x000000000000156c        0x0
 .rel.iplt      0x000000000000156c        0x0 build/Entry.os

.data           0x000000000000156c       0x10
 *(.data)
 .data          0x000000000000156c        0x0 build/Entry.os
 .data          0x000000000000156c        0x0 build/Main.o
 .data          0x000000000000156c        0x0 build/Handler.o
 .data          0x000000000000156c       0x10 build/Regs.o
                0x000000000000156c                Uart
                0x0000000000001570                GicCpu
                0x0000000000001574                GicDist
                0x0000000000001578                Timer
 .data          0x000000000000157c        0x0 build/Interrupt.o
 .data          0x000000000000157c        0x0 build/Uart.o
 .data          0x000000000000157c        0x0 build/Timer.o
 .data          0x000000000000157c        0x0 build/stdlib.o
 .data          0x000000000000157c        0x0 build/stdio.o
 .data          0x000000000000157c        0x0 build/armcpu.o
 .data          0x000000000000157c        0x0 build/task.o
 .data          0x000000000000157c        0x0 build/Kernel.o
 .data          0x000000000000157c        0x0 /usr/lib/gcc/arm-none-eabi/9.2.1/libgcc.a(_udivsi3.o)
 .data          0x000000000000157c        0x0 /usr/lib/gcc/arm-none-eabi/9.2.1/libgcc.a(_dvmd_tls.o)

.igot.plt       0x000000000000157c        0x0
 .igot.plt      0x000000000000157c        0x0 build/Entry.os

.bss            0x000000000000157c      0xa10
 *(.bss)
 .bss           0x000000000000157c        0x0 build/Entry.os
 .bss           0x000000000000157c        0x0 build/Main.o
 .bss           0x000000000000157c        0x0 build/Handler.o
 .bss           0x000000000000157c        0x0 build/Regs.o
 .bss           0x000000000000157c      0x3fc build/Interrupt.o
 .bss           0x0000000000001978        0x0 build/Uart.o
 .bss           0x0000000000001978        0x4 build/Timer.o
 .bss           0x000000000000197c        0x0 build/stdlib.o
 .bss           0x000000000000197c      0x400 build/stdio.o
 .bss           0x0000000000001d7c        0x0 build/armcpu.o
 .bss           0x0000000000001d7c      0x210 build/task.o
 .bss           0x0000000000001f8c        0x0 build/Kernel.o
 .bss           0x0000000000001f8c        0x0 /usr/lib/gcc/arm-none-eabi/9.2.1/libgcc.a(_udivsi3.o)
 .bss           0x0000000000001f8c        0x0 /usr/lib/gcc/arm-none-eabi/9.2.1/libgcc.a(_dvmd_tls.o)
OUTPUT(build/navilos.axf elf32-littlearm)
LOAD linker stubs

.ARM.attributes
                0x0000000000000000       0x2b
 .ARM.attributes
                0x0000000000000000       0x1d build/Entry.os
 .ARM.attributes
                0x000000000000001d       0x2f build/Main.o
 .ARM.attributes
                0x000000000000004c       0x2f build/Handler.o
 .ARM.attributes
                0x000000000000007b       0x2f build/Regs.o
 .ARM.attributes
                0x00000000000000aa       0x2f build/Interrupt.o
 .ARM.attributes
                0x00000000000000d9       0x2f build/Uart.o
 .ARM.attributes
                0x0000000000000108       0x2f build/Timer.o
 .ARM.attributes
                0x0000000000000137       0x2f build/stdlib.o
 .ARM.attributes
                0x0000000000000166       0x2f build/stdio.o
 .ARM.attributes
                0x0000000000000195       0x2f build/armcpu.o
 .ARM.attributes
                0x00000000000001c4       0x2f build/task.o
 .ARM.attributes
                0x00000000000001f3       0x2f build/Kernel.o
 .ARM.attributes
                0x0000000000000222       0x1c /usr/lib/gcc/arm-none-eabi/9.2.1/libgcc.a(_udivsi3.o)
 .ARM.attributes
                0x000000000000023e       0x1c /usr/lib/gcc/arm-none-eabi/9.2.1/libgcc.a(_dvmd_tls.o)

.comment        0x0000000000000000       0x59
 .comment       0x0000000000000000       0x59 build/Main.o
                                         0x5a (size before relaxing)
 .comment       0x0000000000000059       0x5a build/Handler.o
 .comment       0x0000000000000059       0x5a build/Regs.o
 .comment       0x0000000000000059       0x5a build/Interrupt.o
 .comment       0x0000000000000059       0x5a build/Uart.o
 .comment       0x0000000000000059       0x5a build/Timer.o
 .comment       0x0000000000000059       0x5a build/stdlib.o
 .comment       0x0000000000000059       0x5a build/stdio.o
 .comment       0x0000000000000059       0x5a build/armcpu.o
 .comment       0x0000000000000059       0x5a build/task.o
 .comment       0x0000000000000059       0x5a build/Kernel.o

.debug_line     0x0000000000000000      0x9e0
 .debug_line    0x0000000000000000       0x6d build/Entry.os
 .debug_line    0x000000000000006d       0xf1 build/Main.o
 .debug_line    0x000000000000015e       0x4e build/Handler.o
 .debug_line    0x00000000000001ac       0x68 build/Regs.o
 .debug_line    0x0000000000000214      0x126 build/Interrupt.o
 .debug_line    0x000000000000033a       0xf2 build/Uart.o
 .debug_line    0x000000000000042c       0xe0 build/Timer.o
 .debug_line    0x000000000000050c       0x6a build/stdlib.o
 .debug_line    0x0000000000000576      0x180 build/stdio.o
 .debug_line    0x00000000000006f6       0x6f build/armcpu.o
 .debug_line    0x0000000000000765      0x159 build/task.o
 .debug_line    0x00000000000008be       0x57 build/Kernel.o
 .debug_line    0x0000000000000915       0x74 /usr/lib/gcc/arm-none-eabi/9.2.1/libgcc.a(_udivsi3.o)
 .debug_line    0x0000000000000989       0x57 /usr/lib/gcc/arm-none-eabi/9.2.1/libgcc.a(_dvmd_tls.o)

.debug_info     0x0000000000000000     0x30cc
 .debug_info    0x0000000000000000       0x26 build/Entry.os
 .debug_info    0x0000000000000026      0x19c build/Main.o
 .debug_info    0x00000000000001c2       0x82 build/Handler.o
 .debug_info    0x0000000000000244     0x124d build/Regs.o
 .debug_info    0x0000000000001491      0x691 build/Interrupt.o
 .debug_info    0x0000000000001b22      0xbcc build/Uart.o
 .debug_info    0x00000000000026ee      0x2c6 build/Timer.o
 .debug_info    0x00000000000029b4       0x9a build/stdlib.o
 .debug_info    0x0000000000002a4e      0x2ad build/stdio.o
 .debug_info    0x0000000000002cfb       0x6e build/armcpu.o
 .debug_info    0x0000000000002d69      0x283 build/task.o
 .debug_info    0x0000000000002fec       0x94 build/Kernel.o
 .debug_info    0x0000000000003080       0x26 /usr/lib/gcc/arm-none-eabi/9.2.1/libgcc.a(_udivsi3.o)
 .debug_info    0x00000000000030a6       0x26 /usr/lib/gcc/arm-none-eabi/9.2.1/libgcc.a(_dvmd_tls.o)

.debug_abbrev   0x0000000000000000      0xa6b
 .debug_abbrev  0x0000000000000000       0x14 build/Entry.os
 .debug_abbrev  0x0000000000000014       0xcc build/Main.o
 .debug_abbrev  0x00000000000000e0       0x5e build/Handler.o
 .debug_abbrev  0x000000000000013e      0x11a build/Regs.o
 .debug_abbrev  0x0000000000000258      0x19c build/Interrupt.o
 .debug_abbrev  0x00000000000003f4      0x19d build/Uart.o
 .debug_abbrev  0x0000000000000591      0x132 build/Timer.o
 .debug_abbrev  0x00000000000006c3       0x75 build/stdlib.o
 .debug_abbrev  0x0000000000000738      0x131 build/stdio.o
 .debug_abbrev  0x0000000000000869       0x2e build/armcpu.o
 .debug_abbrev  0x0000000000000897      0x168 build/task.o
 .debug_abbrev  0x00000000000009ff       0x44 build/Kernel.o
 .debug_abbrev  0x0000000000000a43       0x14 /usr/lib/gcc/arm-none-eabi/9.2.1/libgcc.a(_udivsi3.o)
 .debug_abbrev  0x0000000000000a57       0x14 /usr/lib/gcc/arm-none-eabi/9.2.1/libgcc.a(_dvmd_tls.o)

.debug_aranges  0x0000000000000000      0x1b8
 .debug_aranges
                0x0000000000000000       0x20 build/Entry.os
 .debug_aranges
                0x0000000000000020       0x20 build/Main.o
 .debug_aranges
                0x0000000000000040       0x20 build/Handler.o
 .debug_aranges
                0x0000000000000060       0x18 build/Regs.o
 .debug_aranges
                0x0000000000000078       0x20 build/Interrupt.o
 .debug_aranges
                0x0000000000000098       0x20 build/Uart.o
 .debug_aranges
                0x00000000000000b8       0x20 build/Timer.o
 .debug_aranges
                0x00000000000000d8       0x20 build/stdlib.o
 .debug_aranges
                0x00000000000000f8       0x20 build/stdio.o
 .debug_aranges
                0x0000000000000118       0x20 build/armcpu.o
 .debug_aranges
                0x0000000000000138       0x20 build/task.o
 .debug_aranges
                0x0000000000000158       0x20 build/Kernel.o
 .debug_aranges
                0x0000000000000178       0x20 /usr/lib/gcc/arm-none-eabi/9.2.1/libgcc.a(_udivsi3.o)
 .debug_aranges
                0x0000000000000198       0x20 /usr/lib/gcc/arm-none-eabi/9.2.1/libgcc.a(_dvmd_tls.o)

.debug_str      0x0000000000000000      0xbb9
 .debug_str     0x0000000000000000       0x38 build/Entry.os
 .debug_str     0x0000000000000038      0x15a build/Main.o
                                        0x197 (size before relaxing)
 .debug_str     0x0000000000000192       0x27 build/Handler.o
                                        0x135 (size before relaxing)
 .debug_str     0x00000000000001b9      0x5ac build/Regs.o
                                        0x6ca (size before relaxing)
 .debug_str     0x0000000000000765       0xbb build/Interrupt.o
                                        0x3d9 (size before relaxing)
 .debug_str     0x0000000000000820       0x61 build/Uart.o
                                        0x46a (size before relaxing)
 .debug_str     0x0000000000000881       0x5d build/Timer.o
                                        0x27c (size before relaxing)
 .debug_str     0x00000000000008de       0x18 build/stdlib.o
                                        0x12f (size before relaxing)
 .debug_str     0x00000000000008f6       0x72 build/stdio.o
                                        0x1a3 (size before relaxing)
 .debug_str     0x0000000000000968       0x3b build/armcpu.o
                                         0xe0 (size before relaxing)
 .debug_str     0x00000000000009a3      0x159 build/task.o
                                        0x278 (size before relaxing)
 .debug_str     0x0000000000000afc       0x3f build/Kernel.o
                                        0x14d (size before relaxing)
 .debug_str     0x0000000000000b3b       0x7e /usr/lib/gcc/arm-none-eabi/9.2.1/libgcc.a(_udivsi3.o)
                                         0x8a (size before relaxing)
 .debug_str     0x0000000000000bb9       0x8a /usr/lib/gcc/arm-none-eabi/9.2.1/libgcc.a(_dvmd_tls.o)

.debug_frame    0x0000000000000000      0x5b8
 .debug_frame   0x0000000000000000       0xf8 build/Main.o
 .debug_frame   0x00000000000000f8       0x50 build/Handler.o
 .debug_frame   0x0000000000000148       0xb0 build/Interrupt.o
 .debug_frame   0x00000000000001f8       0x8c build/Uart.o
 .debug_frame   0x0000000000000284       0x70 build/Timer.o
 .debug_frame   0x00000000000002f4       0x30 build/stdlib.o
 .debug_frame   0x0000000000000324       0xac build/stdio.o
 .debug_frame   0x00000000000003d0       0x90 build/armcpu.o
 .debug_frame   0x0000000000000460       0xd4 build/task.o
 .debug_frame   0x0000000000000534       0x64 build/Kernel.o
 .debug_frame   0x0000000000000598       0x20 /usr/lib/gcc/arm-none-eabi/9.2.1/libgcc.a(_udivsi3.o)
