Archive member included to satisfy reference by file (symbol)

/usr/lib/gcc/arm-none-eabi/9.2.1/libgcc.a(_udivsi3.o)
                              build/stdio.o (__aeabi_uidiv)
/usr/lib/gcc/arm-none-eabi/9.2.1/libgcc.a(_dvmd_tls.o)
                              /usr/lib/gcc/arm-none-eabi/9.2.1/libgcc.a(_udivsi3.o) (__aeabi_idiv0)

Memory Configuration

Name             Origin             Length             Attributes
*default*        0x0000000000000000 0xffffffffffffffff

Linker script and memory map

LOAD build/Entry.os
LOAD build/Main.o
LOAD build/Handler.o
LOAD build/Regs.o
LOAD build/Interrupt.o
LOAD build/Uart.o
LOAD build/Timer.o
LOAD build/stdlib.o
LOAD build/stdio.o
LOAD build/armcpu.o
LOAD build/task.o
LOAD build/Kernel.o
LOAD /usr/lib/gcc/arm-none-eabi/9.2.1/libgcc.a
                0x0000000000000000                . = 0x0

.text           0x0000000000000000     0x14e0
 *(vector_start)
 *(.text .rodata)
 .text          0x0000000000000000       0xd4 build/Entry.os
                0x0000000000000000                vector_start
                0x000000000000003c                vector_end
 .text          0x00000000000000d4      0x188 build/Main.o
                0x00000000000000d4                main
                0x000000000000019c                User_task0
                0x00000000000001dc                User_task1
                0x000000000000021c                User_task2
 .rodata        0x000000000000025c       0xb2 build/Main.o
 *fill*         0x000000000000030e        0x2 
 .text          0x0000000000000310       0x24 build/Handler.o
                0x0000000000000310                Irq_Handler
                0x000000000000032c                Fiq_Handler
 .text          0x0000000000000334        0x0 build/Regs.o
 .text          0x0000000000000334      0x2f0 build/Interrupt.o
                0x0000000000000334                Hal_interrupt_init
                0x00000000000003d0                Hal_interrupt_enable
                0x000000000000049c                Hal_interrupt_disable
                0x0000000000000568                Hal_interrupt_register_handler
                0x00000000000005a0                Hal_interrupt_run_handler
 .text          0x0000000000000624      0x1b0 build/Uart.o
                0x0000000000000624                Hal_uart_init
                0x00000000000006c4                Hal_uart_put_char
                0x0000000000000720                Hal_uart_get_char
 .text          0x00000000000007d4      0x20c build/Timer.o
                0x00000000000007d4                Hal_timer_init
                0x00000000000009bc                Hal_timer_get_1ms_counter
 .text          0x00000000000009e0       0x4c build/stdlib.o
                0x00000000000009e0                delay
 .text          0x0000000000000a2c      0x44c build/stdio.o
                0x0000000000000a2c                putstr
                0x0000000000000a8c                debug_printf
                0x0000000000000adc                vsprintf
                0x0000000000000d64                utoa
 .rodata        0x0000000000000e78        0x7 build/stdio.o
 *fill*         0x0000000000000e7f        0x1 
 .text          0x0000000000000e80       0xb0 build/armcpu.o
                0x0000000000000e80                enable_irq
                0x0000000000000eac                enable_fiq
                0x0000000000000ed8                disable_irq
                0x0000000000000f04                disable_fiq
 .text          0x0000000000000f30      0x430 build/task.o
                0x0000000000000f30                Kernel_task_init
                0x00000000000010a0                Kernel_task_start
                0x0000000000001120                Kernel_task_create
                0x0000000000001250                Kernel_get_task_state
                0x0000000000001278                Kernel_task_state_manage
                0x00000000000012a4                Kernel_task_scheduler
                0x000000000000130c                Kernel_task_context_switching
 .rodata        0x0000000000001360       0x3e build/task.o
 *fill*         0x000000000000139e        0x2 
 .text          0x00000000000013a0       0x28 build/Kernel.o
                0x00000000000013a0                Kernel_start
                0x00000000000013b4                Kernel_yield
 .text          0x00000000000013c8      0x114 /usr/lib/gcc/arm-none-eabi/9.2.1/libgcc.a(_udivsi3.o)
                0x00000000000013c8                __udivsi3
                0x00000000000013c8                __aeabi_uidiv
                0x00000000000014bc                __aeabi_uidivmod
 .text          0x00000000000014dc        0x4 /usr/lib/gcc/arm-none-eabi/9.2.1/libgcc.a(_dvmd_tls.o)
                0x00000000000014dc                __aeabi_ldiv0
                0x00000000000014dc                __aeabi_idiv0

.glue_7         0x00000000000014e0        0x0
 .glue_7        0x00000000000014e0        0x0 linker stubs

.glue_7t        0x00000000000014e0        0x0
 .glue_7t       0x00000000000014e0        0x0 linker stubs

.vfp11_veneer   0x00000000000014e0        0x0
 .vfp11_veneer  0x00000000000014e0        0x0 linker stubs

.v4_bx          0x00000000000014e0        0x0
 .v4_bx         0x00000000000014e0        0x0 linker stubs

.iplt           0x00000000000014e0        0x0
 .iplt          0x00000000000014e0        0x0 build/Entry.os

.rel.dyn        0x00000000000014e0        0x0
 .rel.iplt      0x00000000000014e0        0x0 build/Entry.os

.data           0x00000000000014e0       0x10
 *(.data)
 .data          0x00000000000014e0        0x0 build/Entry.os
 .data          0x00000000000014e0        0x0 build/Main.o
 .data          0x00000000000014e0        0x0 build/Handler.o
 .data          0x00000000000014e0       0x10 build/Regs.o
                0x00000000000014e0                Uart
                0x00000000000014e4                GicCpu
                0x00000000000014e8                GicDist
                0x00000000000014ec                Timer
 .data          0x00000000000014f0        0x0 build/Interrupt.o
 .data          0x00000000000014f0        0x0 build/Uart.o
 .data          0x00000000000014f0        0x0 build/Timer.o
 .data          0x00000000000014f0        0x0 build/stdlib.o
 .data          0x00000000000014f0        0x0 build/stdio.o
 .data          0x00000000000014f0        0x0 build/armcpu.o
 .data          0x00000000000014f0        0x0 build/task.o
 .data          0x00000000000014f0        0x0 build/Kernel.o
 .data          0x00000000000014f0        0x0 /usr/lib/gcc/arm-none-eabi/9.2.1/libgcc.a(_udivsi3.o)
 .data          0x00000000000014f0        0x0 /usr/lib/gcc/arm-none-eabi/9.2.1/libgcc.a(_dvmd_tls.o)

.igot.plt       0x00000000000014f0        0x0
 .igot.plt      0x00000000000014f0        0x0 build/Entry.os

.bss            0x00000000000014f0      0xb10
 *(.bss)
 .bss           0x00000000000014f0        0x0 build/Entry.os
 .bss           0x00000000000014f0        0x0 build/Main.o
 .bss           0x00000000000014f0        0x0 build/Handler.o
 .bss           0x00000000000014f0        0x0 build/Regs.o
 .bss           0x00000000000014f0      0x3fc build/Interrupt.o
 .bss           0x00000000000018ec        0x0 build/Uart.o
 .bss           0x00000000000018ec        0x4 build/Timer.o
 .bss           0x00000000000018f0        0x0 build/stdlib.o
 .bss           0x00000000000018f0      0x400 build/stdio.o
 .bss           0x0000000000001cf0        0x0 build/armcpu.o
 .bss           0x0000000000001cf0      0x310 build/task.o
 .bss           0x0000000000002000        0x0 build/Kernel.o
 .bss           0x0000000000002000        0x0 /usr/lib/gcc/arm-none-eabi/9.2.1/libgcc.a(_udivsi3.o)
 .bss           0x0000000000002000        0x0 /usr/lib/gcc/arm-none-eabi/9.2.1/libgcc.a(_dvmd_tls.o)
OUTPUT(build/navilos.axf elf32-littlearm)
LOAD linker stubs

.ARM.attributes
                0x0000000000000000       0x2b
 .ARM.attributes
                0x0000000000000000       0x1d build/Entry.os
 .ARM.attributes
                0x000000000000001d       0x2f build/Main.o
 .ARM.attributes
                0x000000000000004c       0x2f build/Handler.o
 .ARM.attributes
                0x000000000000007b       0x2f build/Regs.o
 .ARM.attributes
                0x00000000000000aa       0x2f build/Interrupt.o
 .ARM.attributes
                0x00000000000000d9       0x2f build/Uart.o
 .ARM.attributes
                0x0000000000000108       0x2f build/Timer.o
 .ARM.attributes
                0x0000000000000137       0x2f build/stdlib.o
 .ARM.attributes
                0x0000000000000166       0x2f build/stdio.o
 .ARM.attributes
                0x0000000000000195       0x2f build/armcpu.o
 .ARM.attributes
                0x00000000000001c4       0x2f build/task.o
 .ARM.attributes
                0x00000000000001f3       0x2f build/Kernel.o
 .ARM.attributes
                0x0000000000000222       0x1c /usr/lib/gcc/arm-none-eabi/9.2.1/libgcc.a(_udivsi3.o)
 .ARM.attributes
                0x000000000000023e       0x1c /usr/lib/gcc/arm-none-eabi/9.2.1/libgcc.a(_dvmd_tls.o)

.comment        0x0000000000000000       0x59
 .comment       0x0000000000000000       0x59 build/Main.o
                                         0x5a (size before relaxing)
 .comment       0x0000000000000059       0x5a build/Handler.o
 .comment       0x0000000000000059       0x5a build/Regs.o
 .comment       0x0000000000000059       0x5a build/Interrupt.o
 .comment       0x0000000000000059       0x5a build/Uart.o
 .comment       0x0000000000000059       0x5a build/Timer.o
 .comment       0x0000000000000059       0x5a build/stdlib.o
 .comment       0x0000000000000059       0x5a build/stdio.o
 .comment       0x0000000000000059       0x5a build/armcpu.o
 .comment       0x0000000000000059       0x5a build/task.o
 .comment       0x0000000000000059       0x5a build/Kernel.o

.debug_line     0x0000000000000000      0x9fb
 .debug_line    0x0000000000000000       0x6d build/Entry.os
 .debug_line    0x000000000000006d       0xd9 build/Main.o
 .debug_line    0x0000000000000146       0x4e build/Handler.o
 .debug_line    0x0000000000000194       0x68 build/Regs.o
 .debug_line    0x00000000000001fc      0x126 build/Interrupt.o
 .debug_line    0x0000000000000322       0xf2 build/Uart.o
 .debug_line    0x0000000000000414       0xe3 build/Timer.o
 .debug_line    0x00000000000004f7       0x6a build/stdlib.o
 .debug_line    0x0000000000000561      0x180 build/stdio.o
 .debug_line    0x00000000000006e1       0x6f build/armcpu.o
 .debug_line    0x0000000000000750      0x192 build/task.o
 .debug_line    0x00000000000008e2       0x4e build/Kernel.o
 .debug_line    0x0000000000000930       0x74 /usr/lib/gcc/arm-none-eabi/9.2.1/libgcc.a(_udivsi3.o)
 .debug_line    0x00000000000009a4       0x57 /usr/lib/gcc/arm-none-eabi/9.2.1/libgcc.a(_dvmd_tls.o)

.debug_info     0x0000000000000000     0x30e9
 .debug_info    0x0000000000000000       0x26 build/Entry.os
 .debug_info    0x0000000000000026      0x175 build/Main.o
 .debug_info    0x000000000000019b       0x82 build/Handler.o
 .debug_info    0x000000000000021d     0x124d build/Regs.o
 .debug_info    0x000000000000146a      0x691 build/Interrupt.o
 .debug_info    0x0000000000001afb      0xbcc build/Uart.o
 .debug_info    0x00000000000026c7      0x2cd build/Timer.o
 .debug_info    0x0000000000002994       0x9a build/stdlib.o
 .debug_info    0x0000000000002a2e      0x2ad build/stdio.o
 .debug_info    0x0000000000002cdb       0x6e build/armcpu.o
 .debug_info    0x0000000000002d49      0x2cb build/task.o
 .debug_info    0x0000000000003014       0x89 build/Kernel.o
 .debug_info    0x000000000000309d       0x26 /usr/lib/gcc/arm-none-eabi/9.2.1/libgcc.a(_udivsi3.o)
 .debug_info    0x00000000000030c3       0x26 /usr/lib/gcc/arm-none-eabi/9.2.1/libgcc.a(_dvmd_tls.o)

.debug_abbrev   0x0000000000000000      0xa8e
 .debug_abbrev  0x0000000000000000       0x14 build/Entry.os
 .debug_abbrev  0x0000000000000014       0xd3 build/Main.o
 .debug_abbrev  0x00000000000000e7       0x5e build/Handler.o
 .debug_abbrev  0x0000000000000145      0x11a build/Regs.o
 .debug_abbrev  0x000000000000025f      0x19c build/Interrupt.o
 .debug_abbrev  0x00000000000003fb      0x19d build/Uart.o
 .debug_abbrev  0x0000000000000598      0x132 build/Timer.o
 .debug_abbrev  0x00000000000006ca       0x75 build/stdlib.o
 .debug_abbrev  0x000000000000073f      0x131 build/stdio.o
 .debug_abbrev  0x0000000000000870       0x2e build/armcpu.o
 .debug_abbrev  0x000000000000089e      0x184 build/task.o
 .debug_abbrev  0x0000000000000a22       0x44 build/Kernel.o
 .debug_abbrev  0x0000000000000a66       0x14 /usr/lib/gcc/arm-none-eabi/9.2.1/libgcc.a(_udivsi3.o)
 .debug_abbrev  0x0000000000000a7a       0x14 /usr/lib/gcc/arm-none-eabi/9.2.1/libgcc.a(_dvmd_tls.o)

.debug_aranges  0x0000000000000000      0x1b8
 .debug_aranges
                0x0000000000000000       0x20 build/Entry.os
 .debug_aranges
                0x0000000000000020       0x20 build/Main.o
 .debug_aranges
                0x0000000000000040       0x20 build/Handler.o
 .debug_aranges
                0x0000000000000060       0x18 build/Regs.o
 .debug_aranges
                0x0000000000000078       0x20 build/Interrupt.o
 .debug_aranges
                0x0000000000000098       0x20 build/Uart.o
 .debug_aranges
                0x00000000000000b8       0x20 build/Timer.o
 .debug_aranges
                0x00000000000000d8       0x20 build/stdlib.o
 .debug_aranges
                0x00000000000000f8       0x20 build/stdio.o
 .debug_aranges
                0x0000000000000118       0x20 build/armcpu.o
 .debug_aranges
                0x0000000000000138       0x20 build/task.o
 .debug_aranges
                0x0000000000000158       0x20 build/Kernel.o
 .debug_aranges
                0x0000000000000178       0x20 /usr/lib/gcc/arm-none-eabi/9.2.1/libgcc.a(_udivsi3.o)
 .debug_aranges
                0x0000000000000198       0x20 /usr/lib/gcc/arm-none-eabi/9.2.1/libgcc.a(_dvmd_tls.o)

.debug_str      0x0000000000000000      0xbe4
 .debug_str     0x0000000000000000       0x38 build/Entry.os
 .debug_str     0x0000000000000038      0x174 build/Main.o
                                        0x18d (size before relaxing)
 .debug_str     0x00000000000001ac       0x27 build/Handler.o
                                        0x135 (size before relaxing)
 .debug_str     0x00000000000001d3      0x5ac build/Regs.o
                                        0x6d1 (size before relaxing)
 .debug_str     0x000000000000077f       0xbb build/Interrupt.o
                                        0x3e0 (size before relaxing)
 .debug_str     0x000000000000083a       0x61 build/Uart.o
                                        0x471 (size before relaxing)
 .debug_str     0x000000000000089b       0x5d build/Timer.o
                                        0x289 (size before relaxing)
 .debug_str     0x00000000000008f8       0x18 build/stdlib.o
                                        0x12f (size before relaxing)
 .debug_str     0x0000000000000910       0x72 build/stdio.o
                                        0x1a3 (size before relaxing)
 .debug_str     0x0000000000000982       0x3b build/armcpu.o
                                         0xe7 (size before relaxing)
 .debug_str     0x00000000000009bd      0x17f build/task.o
                                        0x2c7 (size before relaxing)
 .debug_str     0x0000000000000b3c       0x2a build/Kernel.o
                                        0x145 (size before relaxing)
 .debug_str     0x0000000000000b66       0x7e /usr/lib/gcc/arm-none-eabi/9.2.1/libgcc.a(_udivsi3.o)
                                         0x8a (size before relaxing)
 .debug_str     0x0000000000000be4       0x8a /usr/lib/gcc/arm-none-eabi/9.2.1/libgcc.a(_dvmd_tls.o)

.debug_frame    0x0000000000000000      0x59c
 .debug_frame   0x0000000000000000       0xbc build/Main.o
 .debug_frame   0x00000000000000bc       0x50 build/Handler.o
 .debug_frame   0x000000000000010c       0xb0 build/Interrupt.o
 .debug_frame   0x00000000000001bc       0x8c build/Uart.o
 .debug_frame   0x0000000000000248       0x6c build/Timer.o
 .debug_frame   0x00000000000002b4       0x30 build/stdlib.o
 .debug_frame   0x00000000000002e4       0xac build/stdio.o
 .debug_frame   0x0000000000000390       0x90 build/armcpu.o
 .debug_frame   0x0000000000000420      0x114 build/task.o
 .debug_frame   0x0000000000000534       0x48 build/Kernel.o
 .debug_frame   0x000000000000057c       0x20 /usr/lib/gcc/arm-none-eabi/9.2.1/libgcc.a(_udivsi3.o)
