Archive member included to satisfy reference by file (symbol)

/usr/lib/gcc/arm-none-eabi/9.2.1/libgcc.a(_udivsi3.o)
                              build/stdio.o (__aeabi_uidiv)
/usr/lib/gcc/arm-none-eabi/9.2.1/libgcc.a(_dvmd_tls.o)
                              /usr/lib/gcc/arm-none-eabi/9.2.1/libgcc.a(_udivsi3.o) (__aeabi_idiv0)

Memory Configuration

Name             Origin             Length             Attributes
*default*        0x0000000000000000 0xffffffffffffffff

Linker script and memory map

LOAD build/Entry.os
LOAD build/Main.o
LOAD build/Handler.o
LOAD build/Regs.o
LOAD build/Interrupt.o
LOAD build/Uart.o
LOAD build/Timer.o
LOAD build/stdlib.o
LOAD build/stdio.o
LOAD build/armcpu.o
LOAD build/task.o
LOAD build/Kernel.o
LOAD /usr/lib/gcc/arm-none-eabi/9.2.1/libgcc.a
                0x0000000000000000                . = 0x0

.text           0x0000000000000000     0x1510
 *(vector_start)
 *(.text .rodata)
 .text          0x0000000000000000       0xd4 build/Entry.os
                0x0000000000000000                vector_start
                0x000000000000003c                vector_end
 .text          0x00000000000000d4      0x1b8 build/Main.o
                0x00000000000000d4                main
                0x000000000000019c                User_task0
                0x00000000000001ec                User_task1
                0x000000000000023c                User_task2
 .rodata        0x000000000000028c       0xb2 build/Main.o
 *fill*         0x000000000000033e        0x2 
 .text          0x0000000000000340       0x24 build/Handler.o
                0x0000000000000340                Irq_Handler
                0x000000000000035c                Fiq_Handler
 .text          0x0000000000000364        0x0 build/Regs.o
 .text          0x0000000000000364      0x2f0 build/Interrupt.o
                0x0000000000000364                Hal_interrupt_init
                0x0000000000000400                Hal_interrupt_enable
                0x00000000000004cc                Hal_interrupt_disable
                0x0000000000000598                Hal_interrupt_register_handler
                0x00000000000005d0                Hal_interrupt_run_handler
 .text          0x0000000000000654      0x1b0 build/Uart.o
                0x0000000000000654                Hal_uart_init
                0x00000000000006f4                Hal_uart_put_char
                0x0000000000000750                Hal_uart_get_char
 .text          0x0000000000000804      0x20c build/Timer.o
                0x0000000000000804                Hal_timer_init
                0x00000000000009ec                Hal_timer_get_1ms_counter
 .text          0x0000000000000a10       0x4c build/stdlib.o
                0x0000000000000a10                delay
 .text          0x0000000000000a5c      0x44c build/stdio.o
                0x0000000000000a5c                putstr
                0x0000000000000abc                debug_printf
                0x0000000000000b0c                vsprintf
                0x0000000000000d94                utoa
 .rodata        0x0000000000000ea8        0x7 build/stdio.o
 *fill*         0x0000000000000eaf        0x1 
 .text          0x0000000000000eb0       0xb0 build/armcpu.o
                0x0000000000000eb0                enable_irq
                0x0000000000000edc                enable_fiq
                0x0000000000000f08                disable_irq
                0x0000000000000f34                disable_fiq
 .text          0x0000000000000f60      0x430 build/task.o
                0x0000000000000f60                Kernel_task_init
                0x00000000000010d0                Kernel_task_start
                0x0000000000001150                Kernel_task_create
                0x0000000000001280                Kernel_get_task_state
                0x00000000000012a8                Kernel_task_state_manage
                0x00000000000012d4                Kernel_task_scheduler
                0x000000000000133c                Kernel_task_context_switching
 .rodata        0x0000000000001390       0x3e build/task.o
 *fill*         0x00000000000013ce        0x2 
 .text          0x00000000000013d0       0x28 build/Kernel.o
                0x00000000000013d0                Kernel_start
                0x00000000000013e4                Kernel_yield
 .text          0x00000000000013f8      0x114 /usr/lib/gcc/arm-none-eabi/9.2.1/libgcc.a(_udivsi3.o)
                0x00000000000013f8                __udivsi3
                0x00000000000013f8                __aeabi_uidiv
                0x00000000000014ec                __aeabi_uidivmod
 .text          0x000000000000150c        0x4 /usr/lib/gcc/arm-none-eabi/9.2.1/libgcc.a(_dvmd_tls.o)
                0x000000000000150c                __aeabi_ldiv0
                0x000000000000150c                __aeabi_idiv0

.glue_7         0x0000000000001510        0x0
 .glue_7        0x0000000000001510        0x0 linker stubs

.glue_7t        0x0000000000001510        0x0
 .glue_7t       0x0000000000001510        0x0 linker stubs

.vfp11_veneer   0x0000000000001510        0x0
 .vfp11_veneer  0x0000000000001510        0x0 linker stubs

.v4_bx          0x0000000000001510        0x0
 .v4_bx         0x0000000000001510        0x0 linker stubs

.iplt           0x0000000000001510        0x0
 .iplt          0x0000000000001510        0x0 build/Entry.os

.rel.dyn        0x0000000000001510        0x0
 .rel.iplt      0x0000000000001510        0x0 build/Entry.os

.data           0x0000000000001510       0x10
 *(.data)
 .data          0x0000000000001510        0x0 build/Entry.os
 .data          0x0000000000001510        0x0 build/Main.o
 .data          0x0000000000001510        0x0 build/Handler.o
 .data          0x0000000000001510       0x10 build/Regs.o
                0x0000000000001510                Uart
                0x0000000000001514                GicCpu
                0x0000000000001518                GicDist
                0x000000000000151c                Timer
 .data          0x0000000000001520        0x0 build/Interrupt.o
 .data          0x0000000000001520        0x0 build/Uart.o
 .data          0x0000000000001520        0x0 build/Timer.o
 .data          0x0000000000001520        0x0 build/stdlib.o
 .data          0x0000000000001520        0x0 build/stdio.o
 .data          0x0000000000001520        0x0 build/armcpu.o
 .data          0x0000000000001520        0x0 build/task.o
 .data          0x0000000000001520        0x0 build/Kernel.o
 .data          0x0000000000001520        0x0 /usr/lib/gcc/arm-none-eabi/9.2.1/libgcc.a(_udivsi3.o)
 .data          0x0000000000001520        0x0 /usr/lib/gcc/arm-none-eabi/9.2.1/libgcc.a(_dvmd_tls.o)

.igot.plt       0x0000000000001520        0x0
 .igot.plt      0x0000000000001520        0x0 build/Entry.os

.bss            0x0000000000001520      0xb10
 *(.bss)
 .bss           0x0000000000001520        0x0 build/Entry.os
 .bss           0x0000000000001520        0x0 build/Main.o
 .bss           0x0000000000001520        0x0 build/Handler.o
 .bss           0x0000000000001520        0x0 build/Regs.o
 .bss           0x0000000000001520      0x3fc build/Interrupt.o
 .bss           0x000000000000191c        0x0 build/Uart.o
 .bss           0x000000000000191c        0x4 build/Timer.o
 .bss           0x0000000000001920        0x0 build/stdlib.o
 .bss           0x0000000000001920      0x400 build/stdio.o
 .bss           0x0000000000001d20        0x0 build/armcpu.o
 .bss           0x0000000000001d20      0x310 build/task.o
 .bss           0x0000000000002030        0x0 build/Kernel.o
 .bss           0x0000000000002030        0x0 /usr/lib/gcc/arm-none-eabi/9.2.1/libgcc.a(_udivsi3.o)
 .bss           0x0000000000002030        0x0 /usr/lib/gcc/arm-none-eabi/9.2.1/libgcc.a(_dvmd_tls.o)
OUTPUT(build/navilos.axf elf32-littlearm)
LOAD linker stubs

.ARM.attributes
                0x0000000000000000       0x2b
 .ARM.attributes
                0x0000000000000000       0x1d build/Entry.os
 .ARM.attributes
                0x000000000000001d       0x2f build/Main.o
 .ARM.attributes
                0x000000000000004c       0x2f build/Handler.o
 .ARM.attributes
                0x000000000000007b       0x2f build/Regs.o
 .ARM.attributes
                0x00000000000000aa       0x2f build/Interrupt.o
 .ARM.attributes
                0x00000000000000d9       0x2f build/Uart.o
 .ARM.attributes
                0x0000000000000108       0x2f build/Timer.o
 .ARM.attributes
                0x0000000000000137       0x2f build/stdlib.o
 .ARM.attributes
                0x0000000000000166       0x2f build/stdio.o
 .ARM.attributes
                0x0000000000000195       0x2f build/armcpu.o
 .ARM.attributes
                0x00000000000001c4       0x2f build/task.o
 .ARM.attributes
                0x00000000000001f3       0x2f build/Kernel.o
 .ARM.attributes
                0x0000000000000222       0x1c /usr/lib/gcc/arm-none-eabi/9.2.1/libgcc.a(_udivsi3.o)
 .ARM.attributes
                0x000000000000023e       0x1c /usr/lib/gcc/arm-none-eabi/9.2.1/libgcc.a(_dvmd_tls.o)

.comment        0x0000000000000000       0x59
 .comment       0x0000000000000000       0x59 build/Main.o
                                         0x5a (size before relaxing)
 .comment       0x0000000000000059       0x5a build/Handler.o
 .comment       0x0000000000000059       0x5a build/Regs.o
 .comment       0x0000000000000059       0x5a build/Interrupt.o
 .comment       0x0000000000000059       0x5a build/Uart.o
 .comment       0x0000000000000059       0x5a build/Timer.o
 .comment       0x0000000000000059       0x5a build/stdlib.o
 .comment       0x0000000000000059       0x5a build/stdio.o
 .comment       0x0000000000000059       0x5a build/armcpu.o
 .comment       0x0000000000000059       0x5a build/task.o
 .comment       0x0000000000000059       0x5a build/Kernel.o

.debug_line     0x0000000000000000      0x9fd
 .debug_line    0x0000000000000000       0x6d build/Entry.os
 .debug_line    0x000000000000006d       0xdb build/Main.o
 .debug_line    0x0000000000000148       0x4e build/Handler.o
 .debug_line    0x0000000000000196       0x68 build/Regs.o
 .debug_line    0x00000000000001fe      0x126 build/Interrupt.o
 .debug_line    0x0000000000000324       0xf2 build/Uart.o
 .debug_line    0x0000000000000416       0xe3 build/Timer.o
 .debug_line    0x00000000000004f9       0x6a build/stdlib.o
 .debug_line    0x0000000000000563      0x180 build/stdio.o
 .debug_line    0x00000000000006e3       0x6f build/armcpu.o
 .debug_line    0x0000000000000752      0x192 build/task.o
 .debug_line    0x00000000000008e4       0x4e build/Kernel.o
 .debug_line    0x0000000000000932       0x74 /usr/lib/gcc/arm-none-eabi/9.2.1/libgcc.a(_udivsi3.o)
 .debug_line    0x00000000000009a6       0x57 /usr/lib/gcc/arm-none-eabi/9.2.1/libgcc.a(_dvmd_tls.o)

.debug_info     0x0000000000000000     0x30a1
 .debug_info    0x0000000000000000       0x26 build/Entry.os
 .debug_info    0x0000000000000026      0x12d build/Main.o
 .debug_info    0x0000000000000153       0x82 build/Handler.o
 .debug_info    0x00000000000001d5     0x124d build/Regs.o
 .debug_info    0x0000000000001422      0x691 build/Interrupt.o
 .debug_info    0x0000000000001ab3      0xbcc build/Uart.o
 .debug_info    0x000000000000267f      0x2cd build/Timer.o
 .debug_info    0x000000000000294c       0x9a build/stdlib.o
 .debug_info    0x00000000000029e6      0x2ad build/stdio.o
 .debug_info    0x0000000000002c93       0x6e build/armcpu.o
 .debug_info    0x0000000000002d01      0x2cb build/task.o
 .debug_info    0x0000000000002fcc       0x89 build/Kernel.o
 .debug_info    0x0000000000003055       0x26 /usr/lib/gcc/arm-none-eabi/9.2.1/libgcc.a(_udivsi3.o)
 .debug_info    0x000000000000307b       0x26 /usr/lib/gcc/arm-none-eabi/9.2.1/libgcc.a(_dvmd_tls.o)

.debug_abbrev   0x0000000000000000      0xa6d
 .debug_abbrev  0x0000000000000000       0x14 build/Entry.os
 .debug_abbrev  0x0000000000000014       0xb2 build/Main.o
 .debug_abbrev  0x00000000000000c6       0x5e build/Handler.o
 .debug_abbrev  0x0000000000000124      0x11a build/Regs.o
 .debug_abbrev  0x000000000000023e      0x19c build/Interrupt.o
 .debug_abbrev  0x00000000000003da      0x19d build/Uart.o
 .debug_abbrev  0x0000000000000577      0x132 build/Timer.o
 .debug_abbrev  0x00000000000006a9       0x75 build/stdlib.o
 .debug_abbrev  0x000000000000071e      0x131 build/stdio.o
 .debug_abbrev  0x000000000000084f       0x2e build/armcpu.o
 .debug_abbrev  0x000000000000087d      0x184 build/task.o
 .debug_abbrev  0x0000000000000a01       0x44 build/Kernel.o
 .debug_abbrev  0x0000000000000a45       0x14 /usr/lib/gcc/arm-none-eabi/9.2.1/libgcc.a(_udivsi3.o)
 .debug_abbrev  0x0000000000000a59       0x14 /usr/lib/gcc/arm-none-eabi/9.2.1/libgcc.a(_dvmd_tls.o)

.debug_aranges  0x0000000000000000      0x1b8
 .debug_aranges
                0x0000000000000000       0x20 build/Entry.os
 .debug_aranges
                0x0000000000000020       0x20 build/Main.o
 .debug_aranges
                0x0000000000000040       0x20 build/Handler.o
 .debug_aranges
                0x0000000000000060       0x18 build/Regs.o
 .debug_aranges
                0x0000000000000078       0x20 build/Interrupt.o
 .debug_aranges
                0x0000000000000098       0x20 build/Uart.o
 .debug_aranges
                0x00000000000000b8       0x20 build/Timer.o
 .debug_aranges
                0x00000000000000d8       0x20 build/stdlib.o
 .debug_aranges
                0x00000000000000f8       0x20 build/stdio.o
 .debug_aranges
                0x0000000000000118       0x20 build/armcpu.o
 .debug_aranges
                0x0000000000000138       0x20 build/task.o
 .debug_aranges
                0x0000000000000158       0x20 build/Kernel.o
 .debug_aranges
                0x0000000000000178       0x20 /usr/lib/gcc/arm-none-eabi/9.2.1/libgcc.a(_udivsi3.o)
 .debug_aranges
                0x0000000000000198       0x20 /usr/lib/gcc/arm-none-eabi/9.2.1/libgcc.a(_dvmd_tls.o)

.debug_str      0x0000000000000000      0xbe4
 .debug_str     0x0000000000000000       0x38 build/Entry.os
 .debug_str     0x0000000000000038      0x15e build/Main.o
                                        0x177 (size before relaxing)
 .debug_str     0x0000000000000196       0x27 build/Handler.o
                                        0x135 (size before relaxing)
 .debug_str     0x00000000000001bd      0x5ac build/Regs.o
                                        0x6d1 (size before relaxing)
 .debug_str     0x0000000000000769       0xbb build/Interrupt.o
                                        0x3e0 (size before relaxing)
 .debug_str     0x0000000000000824       0x61 build/Uart.o
                                        0x471 (size before relaxing)
 .debug_str     0x0000000000000885       0x5d build/Timer.o
                                        0x289 (size before relaxing)
 .debug_str     0x00000000000008e2       0x18 build/stdlib.o
                                        0x12f (size before relaxing)
 .debug_str     0x00000000000008fa       0x72 build/stdio.o
                                        0x1a3 (size before relaxing)
 .debug_str     0x000000000000096c       0x3b build/armcpu.o
                                         0xe7 (size before relaxing)
 .debug_str     0x00000000000009a7      0x195 build/task.o
                                        0x2c7 (size before relaxing)
 .debug_str     0x0000000000000b3c       0x2a build/Kernel.o
                                        0x145 (size before relaxing)
 .debug_str     0x0000000000000b66       0x7e /usr/lib/gcc/arm-none-eabi/9.2.1/libgcc.a(_udivsi3.o)
                                         0x8a (size before relaxing)
 .debug_str     0x0000000000000be4       0x8a /usr/lib/gcc/arm-none-eabi/9.2.1/libgcc.a(_dvmd_tls.o)

.debug_frame    0x0000000000000000      0x59c
 .debug_frame   0x0000000000000000       0xbc build/Main.o
 .debug_frame   0x00000000000000bc       0x50 build/Handler.o
 .debug_frame   0x000000000000010c       0xb0 build/Interrupt.o
 .debug_frame   0x00000000000001bc       0x8c build/Uart.o
 .debug_frame   0x0000000000000248       0x6c build/Timer.o
 .debug_frame   0x00000000000002b4       0x30 build/stdlib.o
 .debug_frame   0x00000000000002e4       0xac build/stdio.o
 .debug_frame   0x0000000000000390       0x90 build/armcpu.o
 .debug_frame   0x0000000000000420      0x114 build/task.o
 .debug_frame   0x0000000000000534       0x48 build/Kernel.o
 .debug_frame   0x000000000000057c       0x20 /usr/lib/gcc/arm-none-eabi/9.2.1/libgcc.a(_udivsi3.o)
