Archive member included to satisfy reference by file (symbol)

/usr/lib/gcc/arm-none-eabi/9.2.1/libgcc.a(_udivsi3.o)
                              build/stdio.o (__aeabi_uidiv)
/usr/lib/gcc/arm-none-eabi/9.2.1/libgcc.a(_dvmd_tls.o)
                              /usr/lib/gcc/arm-none-eabi/9.2.1/libgcc.a(_udivsi3.o) (__aeabi_idiv0)

Memory Configuration

Name             Origin             Length             Attributes
*default*        0x0000000000000000 0xffffffffffffffff

Linker script and memory map

LOAD build/Entry.os
LOAD build/Main.o
LOAD build/Handler.o
LOAD build/Regs.o
LOAD build/Interrupt.o
LOAD build/Uart.o
LOAD build/Timer.o
LOAD build/stdlib.o
LOAD build/stdio.o
LOAD build/armcpu.o
LOAD build/task.o
LOAD build/event.o
LOAD build/Kernel.o
LOAD /usr/lib/gcc/arm-none-eabi/9.2.1/libgcc.a
                0x0000000000000000                . = 0x0

.text           0x0000000000000000     0x17e4
 *(vector_start)
 *(.text .rodata)
 .text          0x0000000000000000       0xd4 build/Entry.os
                0x0000000000000000                vector_start
                0x000000000000003c                vector_end
 .text          0x00000000000000d4      0x310 build/Main.o
                0x00000000000000d4                main
                0x000000000000032c                User_task0
                0x000000000000038c                User_task1
 .rodata        0x00000000000003e4      0x176 build/Main.o
 *fill*         0x000000000000055a        0x2 
 .text          0x000000000000055c       0x24 build/Handler.o
                0x000000000000055c                Irq_Handler
                0x0000000000000578                Fiq_Handler
 .text          0x0000000000000580        0x0 build/Regs.o
 .text          0x0000000000000580      0x2f0 build/Interrupt.o
                0x0000000000000580                Hal_interrupt_init
                0x000000000000061c                Hal_interrupt_enable
                0x00000000000006e8                Hal_interrupt_disable
                0x00000000000007b4                Hal_interrupt_register_handler
                0x00000000000007ec                Hal_interrupt_run_handler
 .text          0x0000000000000870      0x1b8 build/Uart.o
                0x0000000000000870                Hal_uart_init
                0x0000000000000910                Hal_uart_put_char
                0x000000000000096c                Hal_uart_get_char
 .text          0x0000000000000a28      0x210 build/Timer.o
                0x0000000000000a28                Hal_timer_init
                0x0000000000000c14                Hal_timer_get_1ms_counter
 .text          0x0000000000000c38       0x4c build/stdlib.o
                0x0000000000000c38                delay
 .text          0x0000000000000c84      0x44c build/stdio.o
                0x0000000000000c84                putstr
                0x0000000000000ce4                debug_printf
                0x0000000000000d34                vsprintf
                0x0000000000000fbc                utoa
 .rodata        0x00000000000010d0        0x7 build/stdio.o
 *fill*         0x00000000000010d7        0x1 
 .text          0x00000000000010d8       0xb0 build/armcpu.o
                0x00000000000010d8                enable_irq
                0x0000000000001104                enable_fiq
                0x0000000000001130                disable_irq
                0x000000000000115c                disable_fiq
 .text          0x0000000000001188      0x300 build/task.o
                0x0000000000001188                Kernel_task_init
                0x0000000000001294                Kernel_task_start
                0x00000000000012d0                Kernel_task_create
                0x00000000000013e4                Kernel_task_scheduler
                0x0000000000001434                Kernel_task_context_switching
 .text          0x0000000000001488       0xf8 build/event.o
                0x0000000000001488                Kernel_event_flag_init
                0x00000000000014b0                Kernel_event_flag_set
                0x00000000000014f0                Kernel_event_flag_clear
                0x0000000000001534                Kernel_event_flag_check
 .text          0x0000000000001580      0x14c build/Kernel.o
                0x0000000000001580                Kernel_start
                0x0000000000001594                Kernel_yield
                0x00000000000015a8                Kernel_send_events
                0x0000000000001630                Kernel_wait_events
 .text          0x00000000000016cc      0x114 /usr/lib/gcc/arm-none-eabi/9.2.1/libgcc.a(_udivsi3.o)
                0x00000000000016cc                __udivsi3
                0x00000000000016cc                __aeabi_uidiv
                0x00000000000017c0                __aeabi_uidivmod
 .text          0x00000000000017e0        0x4 /usr/lib/gcc/arm-none-eabi/9.2.1/libgcc.a(_dvmd_tls.o)
                0x00000000000017e0                __aeabi_ldiv0
                0x00000000000017e0                __aeabi_idiv0

.glue_7         0x00000000000017e4        0x0
 .glue_7        0x00000000000017e4        0x0 linker stubs

.glue_7t        0x00000000000017e4        0x0
 .glue_7t       0x00000000000017e4        0x0 linker stubs

.vfp11_veneer   0x00000000000017e4        0x0
 .vfp11_veneer  0x00000000000017e4        0x0 linker stubs

.v4_bx          0x00000000000017e4        0x0
 .v4_bx         0x00000000000017e4        0x0 linker stubs

.iplt           0x00000000000017e4        0x0
 .iplt          0x00000000000017e4        0x0 build/Entry.os

.rel.dyn        0x00000000000017e4        0x0
 .rel.iplt      0x00000000000017e4        0x0 build/Entry.os

.data           0x00000000000017e4       0x10
 *(.data)
 .data          0x00000000000017e4        0x0 build/Entry.os
 .data          0x00000000000017e4        0x0 build/Main.o
 .data          0x00000000000017e4        0x0 build/Handler.o
 .data          0x00000000000017e4       0x10 build/Regs.o
                0x00000000000017e4                Uart
                0x00000000000017e8                GicCpu
                0x00000000000017ec                GicDist
                0x00000000000017f0                Timer
 .data          0x00000000000017f4        0x0 build/Interrupt.o
 .data          0x00000000000017f4        0x0 build/Uart.o
 .data          0x00000000000017f4        0x0 build/Timer.o
 .data          0x00000000000017f4        0x0 build/stdlib.o
 .data          0x00000000000017f4        0x0 build/stdio.o
 .data          0x00000000000017f4        0x0 build/armcpu.o
 .data          0x00000000000017f4        0x0 build/task.o
 .data          0x00000000000017f4        0x0 build/event.o
 .data          0x00000000000017f4        0x0 build/Kernel.o
 .data          0x00000000000017f4        0x0 /usr/lib/gcc/arm-none-eabi/9.2.1/libgcc.a(_udivsi3.o)
 .data          0x00000000000017f4        0x0 /usr/lib/gcc/arm-none-eabi/9.2.1/libgcc.a(_dvmd_tls.o)

.igot.plt       0x00000000000017f4        0x0
 .igot.plt      0x00000000000017f4        0x0 build/Entry.os

.bss            0x00000000000017f4      0xa14
 *(.bss)
 .bss           0x00000000000017f4        0x0 build/Entry.os
 .bss           0x00000000000017f4        0x0 build/Main.o
 .bss           0x00000000000017f4        0x0 build/Handler.o
 .bss           0x00000000000017f4        0x0 build/Regs.o
 .bss           0x00000000000017f4      0x3fc build/Interrupt.o
 .bss           0x0000000000001bf0        0x0 build/Uart.o
 .bss           0x0000000000001bf0        0x4 build/Timer.o
 .bss           0x0000000000001bf4        0x0 build/stdlib.o
 .bss           0x0000000000001bf4      0x400 build/stdio.o
 .bss           0x0000000000001ff4        0x0 build/armcpu.o
 .bss           0x0000000000001ff4      0x210 build/task.o
 .bss           0x0000000000002204        0x4 build/event.o
 .bss           0x0000000000002208        0x0 build/Kernel.o
 .bss           0x0000000000002208        0x0 /usr/lib/gcc/arm-none-eabi/9.2.1/libgcc.a(_udivsi3.o)
 .bss           0x0000000000002208        0x0 /usr/lib/gcc/arm-none-eabi/9.2.1/libgcc.a(_dvmd_tls.o)
OUTPUT(build/navilos.axf elf32-littlearm)
LOAD linker stubs

.ARM.attributes
                0x0000000000000000       0x2b
 .ARM.attributes
                0x0000000000000000       0x1d build/Entry.os
 .ARM.attributes
                0x000000000000001d       0x2f build/Main.o
 .ARM.attributes
                0x000000000000004c       0x2f build/Handler.o
 .ARM.attributes
                0x000000000000007b       0x2f build/Regs.o
 .ARM.attributes
                0x00000000000000aa       0x2f build/Interrupt.o
 .ARM.attributes
                0x00000000000000d9       0x2f build/Uart.o
 .ARM.attributes
                0x0000000000000108       0x2f build/Timer.o
 .ARM.attributes
                0x0000000000000137       0x2f build/stdlib.o
 .ARM.attributes
                0x0000000000000166       0x2f build/stdio.o
 .ARM.attributes
                0x0000000000000195       0x2f build/armcpu.o
 .ARM.attributes
                0x00000000000001c4       0x2f build/task.o
 .ARM.attributes
                0x00000000000001f3       0x2f build/event.o
 .ARM.attributes
                0x0000000000000222       0x2f build/Kernel.o
 .ARM.attributes
                0x0000000000000251       0x1c /usr/lib/gcc/arm-none-eabi/9.2.1/libgcc.a(_udivsi3.o)
 .ARM.attributes
                0x000000000000026d       0x1c /usr/lib/gcc/arm-none-eabi/9.2.1/libgcc.a(_dvmd_tls.o)

.comment        0x0000000000000000       0x59
 .comment       0x0000000000000000       0x59 build/Main.o
                                         0x5a (size before relaxing)
 .comment       0x0000000000000059       0x5a build/Handler.o
 .comment       0x0000000000000059       0x5a build/Regs.o
 .comment       0x0000000000000059       0x5a build/Interrupt.o
 .comment       0x0000000000000059       0x5a build/Uart.o
 .comment       0x0000000000000059       0x5a build/Timer.o
 .comment       0x0000000000000059       0x5a build/stdlib.o
 .comment       0x0000000000000059       0x5a build/stdio.o
 .comment       0x0000000000000059       0x5a build/armcpu.o
 .comment       0x0000000000000059       0x5a build/task.o
 .comment       0x0000000000000059       0x5a build/event.o
 .comment       0x0000000000000059       0x5a build/Kernel.o

.debug_line     0x0000000000000000      0xb2c
 .debug_line    0x0000000000000000       0x6d build/Entry.os
 .debug_line    0x000000000000006d      0x11e build/Main.o
 .debug_line    0x000000000000018b       0x4e build/Handler.o
 .debug_line    0x00000000000001d9       0x68 build/Regs.o
 .debug_line    0x0000000000000241      0x126 build/Interrupt.o
 .debug_line    0x0000000000000367      0x107 build/Uart.o
 .debug_line    0x000000000000046e       0xe0 build/Timer.o
 .debug_line    0x000000000000054e       0x6a build/stdlib.o
 .debug_line    0x00000000000005b8      0x180 build/stdio.o
 .debug_line    0x0000000000000738       0x6f build/armcpu.o
 .debug_line    0x00000000000007a7      0x159 build/task.o
 .debug_line    0x0000000000000900       0x8d build/event.o
 .debug_line    0x000000000000098d       0xd4 build/Kernel.o
 .debug_line    0x0000000000000a61       0x74 /usr/lib/gcc/arm-none-eabi/9.2.1/libgcc.a(_udivsi3.o)
 .debug_line    0x0000000000000ad5       0x57 /usr/lib/gcc/arm-none-eabi/9.2.1/libgcc.a(_dvmd_tls.o)

.debug_info     0x0000000000000000     0x3716
 .debug_info    0x0000000000000000       0x26 build/Entry.os
 .debug_info    0x0000000000000026      0x2d3 build/Main.o
 .debug_info    0x00000000000002f9       0x82 build/Handler.o
 .debug_info    0x000000000000037b     0x124d build/Regs.o
 .debug_info    0x00000000000015c8      0x691 build/Interrupt.o
 .debug_info    0x0000000000001c59      0xcdd build/Uart.o
 .debug_info    0x0000000000002936      0x2c6 build/Timer.o
 .debug_info    0x0000000000002bfc       0x9a build/stdlib.o
 .debug_info    0x0000000000002c96      0x2ad build/stdio.o
 .debug_info    0x0000000000002f43       0x6e build/armcpu.o
 .debug_info    0x0000000000002fb1      0x296 build/task.o
 .debug_info    0x0000000000003247      0x228 build/event.o
 .debug_info    0x000000000000346f      0x25b build/Kernel.o
 .debug_info    0x00000000000036ca       0x26 /usr/lib/gcc/arm-none-eabi/9.2.1/libgcc.a(_udivsi3.o)
 .debug_info    0x00000000000036f0       0x26 /usr/lib/gcc/arm-none-eabi/9.2.1/libgcc.a(_dvmd_tls.o)

.debug_abbrev   0x0000000000000000      0xc9c
 .debug_abbrev  0x0000000000000000       0x14 build/Entry.os
 .debug_abbrev  0x0000000000000014      0x105 build/Main.o
 .debug_abbrev  0x0000000000000119       0x5e build/Handler.o
 .debug_abbrev  0x0000000000000177      0x11a build/Regs.o
 .debug_abbrev  0x0000000000000291      0x19c build/Interrupt.o
 .debug_abbrev  0x000000000000042d      0x1cd build/Uart.o
 .debug_abbrev  0x00000000000005fa      0x132 build/Timer.o
 .debug_abbrev  0x000000000000072c       0x75 build/stdlib.o
 .debug_abbrev  0x00000000000007a1      0x131 build/stdio.o
 .debug_abbrev  0x00000000000008d2       0x2e build/armcpu.o
 .debug_abbrev  0x0000000000000900      0x19c build/task.o
 .debug_abbrev  0x0000000000000a9c       0xdf build/event.o
 .debug_abbrev  0x0000000000000b7b       0xf9 build/Kernel.o
 .debug_abbrev  0x0000000000000c74       0x14 /usr/lib/gcc/arm-none-eabi/9.2.1/libgcc.a(_udivsi3.o)
 .debug_abbrev  0x0000000000000c88       0x14 /usr/lib/gcc/arm-none-eabi/9.2.1/libgcc.a(_dvmd_tls.o)

.debug_aranges  0x0000000000000000      0x1d8
 .debug_aranges
                0x0000000000000000       0x20 build/Entry.os
 .debug_aranges
                0x0000000000000020       0x20 build/Main.o
 .debug_aranges
                0x0000000000000040       0x20 build/Handler.o
 .debug_aranges
                0x0000000000000060       0x18 build/Regs.o
 .debug_aranges
                0x0000000000000078       0x20 build/Interrupt.o
 .debug_aranges
                0x0000000000000098       0x20 build/Uart.o
 .debug_aranges
                0x00000000000000b8       0x20 build/Timer.o
 .debug_aranges
                0x00000000000000d8       0x20 build/stdlib.o
 .debug_aranges
                0x00000000000000f8       0x20 build/stdio.o
 .debug_aranges
                0x0000000000000118       0x20 build/armcpu.o
 .debug_aranges
                0x0000000000000138       0x20 build/task.o
 .debug_aranges
                0x0000000000000158       0x20 build/event.o
 .debug_aranges
                0x0000000000000178       0x20 build/Kernel.o
 .debug_aranges
                0x0000000000000198       0x20 /usr/lib/gcc/arm-none-eabi/9.2.1/libgcc.a(_udivsi3.o)
 .debug_aranges
                0x00000000000001b8       0x20 /usr/lib/gcc/arm-none-eabi/9.2.1/libgcc.a(_dvmd_tls.o)

.debug_str      0x0000000000000000      0xffb
 .debug_str     0x0000000000000000       0x38 build/Entry.os
 .debug_str     0x0000000000000038      0x4db build/Main.o
                                        0x518 (size before relaxing)
 .debug_str     0x0000000000000513       0x27 build/Handler.o
                                        0x135 (size before relaxing)
 .debug_str     0x000000000000053a      0x5ac build/Regs.o
                                        0x6ca (size before relaxing)
 .debug_str     0x0000000000000ae6       0xbb build/Interrupt.o
                                        0x3d9 (size before relaxing)
 .debug_str     0x0000000000000ba1       0x61 build/Uart.o
                                        0x7e9 (size before relaxing)
 .debug_str     0x0000000000000c02       0x5c build/Timer.o
                                        0x27b (size before relaxing)
 .debug_str     0x0000000000000c5e       0x18 build/stdlib.o
                                        0x12f (size before relaxing)
 .debug_str     0x0000000000000c76       0x72 build/stdio.o
                                        0x1a3 (size before relaxing)
 .debug_str     0x0000000000000ce8       0x3b build/armcpu.o
                                         0xe0 (size before relaxing)
 .debug_str     0x0000000000000d23      0x159 build/task.o
                                        0x278 (size before relaxing)
 .debug_str     0x0000000000000e7c       0x7d build/event.o
                                        0x519 (size before relaxing)
 .debug_str     0x0000000000000ef9       0x84 build/Kernel.o
                                        0x51a (size before relaxing)
 .debug_str     0x0000000000000f7d       0x7e /usr/lib/gcc/arm-none-eabi/9.2.1/libgcc.a(_udivsi3.o)
                                         0x8a (size before relaxing)
 .debug_str     0x0000000000000ffb       0x8a /usr/lib/gcc/arm-none-eabi/9.2.1/libgcc.a(_dvmd_tls.o)

.debug_frame    0x0000000000000000      0x650
 .debug_frame   0x0000000000000000       0xdc build/Main.o
 .debug_frame   0x00000000000000dc       0x50 build/Handler.o
 .debug_frame   0x000000000000012c       0xb0 build/Interrupt.o
 .debug_frame   0x00000000000001dc       0x8c build/Uart.o
 .debug_frame   0x0000000000000268       0x70 build/Timer.o
 .debug_frame   0x00000000000002d8       0x30 build/stdlib.o
 .debug_frame   0x0000000000000308       0xac build/stdio.o
 .debug_frame   0x00000000000003b4       0x90 build/armcpu.o
 .debug_frame   0x0000000000000444       0xd4 build/task.o
 .debug_frame   0x0000000000000518       0x90 build/event.o
 .debug_frame   0x00000000000005a8       0x88 build/Kernel.o
 .debug_frame   0x0000000000000630       0x20 /usr/lib/gcc/arm-none-eabi/9.2.1/libgcc.a(_udivsi3.o)
