Archive member included to satisfy reference by file (symbol)

/usr/lib/gcc/arm-none-eabi/9.2.1/libgcc.a(_udivsi3.o)
                              build/stdio.o (__aeabi_uidiv)
/usr/lib/gcc/arm-none-eabi/9.2.1/libgcc.a(_dvmd_tls.o)
                              /usr/lib/gcc/arm-none-eabi/9.2.1/libgcc.a(_udivsi3.o) (__aeabi_idiv0)

Memory Configuration

Name             Origin             Length             Attributes
*default*        0x0000000000000000 0xffffffffffffffff

Linker script and memory map

LOAD build/Entry.os
LOAD build/Main.o
LOAD build/Handler.o
LOAD build/Regs.o
LOAD build/Interrupt.o
LOAD build/Uart.o
LOAD build/Timer.o
LOAD build/stdlib.o
LOAD build/stdio.o
LOAD build/armcpu.o
LOAD build/task.o
LOAD build/Kernel.o
LOAD /usr/lib/gcc/arm-none-eabi/9.2.1/libgcc.a
                0x0000000000000000                . = 0x0

.text           0x0000000000000000     0x1464
 *(vector_start)
 *(.text .rodata)
 .text          0x0000000000000000       0xd4 build/Entry.os
                0x0000000000000000                vector_start
                0x000000000000003c                vector_end
 .text          0x00000000000000d4      0x1e0 build/Main.o
                0x00000000000000d4                main
                0x000000000000020c                User_task0
                0x0000000000000244                User_task1
                0x000000000000027c                User_task2
 .rodata        0x00000000000002b4       0xd6 build/Main.o
 *fill*         0x000000000000038a        0x2 
 .text          0x000000000000038c       0x24 build/Handler.o
                0x000000000000038c                Irq_Handler
                0x00000000000003a8                Fiq_Handler
 .text          0x00000000000003b0        0x0 build/Regs.o
 .text          0x00000000000003b0      0x2f0 build/Interrupt.o
                0x00000000000003b0                Hal_interrupt_init
                0x000000000000044c                Hal_interrupt_enable
                0x0000000000000518                Hal_interrupt_disable
                0x00000000000005e4                Hal_interrupt_register_handler
                0x000000000000061c                Hal_interrupt_run_handler
 .text          0x00000000000006a0      0x1b0 build/Uart.o
                0x00000000000006a0                Hal_uart_init
                0x0000000000000740                Hal_uart_put_char
                0x000000000000079c                Hal_uart_get_char
 .text          0x0000000000000850      0x210 build/Timer.o
                0x0000000000000850                Hal_timer_init
                0x0000000000000a3c                Hal_timer_get_1ms_counter
 .text          0x0000000000000a60       0x4c build/stdlib.o
                0x0000000000000a60                delay
 .text          0x0000000000000aac      0x44c build/stdio.o
                0x0000000000000aac                putstr
                0x0000000000000b0c                debug_printf
                0x0000000000000b5c                vsprintf
                0x0000000000000de4                utoa
 .rodata        0x0000000000000ef8        0x7 build/stdio.o
 *fill*         0x0000000000000eff        0x1 
 .text          0x0000000000000f00       0xb0 build/armcpu.o
                0x0000000000000f00                enable_irq
                0x0000000000000f2c                enable_fiq
                0x0000000000000f58                disable_irq
                0x0000000000000f84                disable_fiq
 .text          0x0000000000000fb0      0x334 build/task.o
                0x0000000000000fb0                Kernel_task_init
                0x00000000000010bc                Kernel_task_start
                0x00000000000010f8                Kernel_task_create
                0x0000000000001220                Kernel_task_state_manage
                0x0000000000001238                Kernel_task_scheduler
                0x0000000000001290                Kernel_task_context_switching
 .rodata        0x00000000000012e4       0x3e build/task.o
 *fill*         0x0000000000001322        0x2 
 .text          0x0000000000001324       0x28 build/Kernel.o
                0x0000000000001324                Kernel_start
                0x0000000000001338                Kernel_yield
 .text          0x000000000000134c      0x114 /usr/lib/gcc/arm-none-eabi/9.2.1/libgcc.a(_udivsi3.o)
                0x000000000000134c                __udivsi3
                0x000000000000134c                __aeabi_uidiv
                0x0000000000001440                __aeabi_uidivmod
 .text          0x0000000000001460        0x4 /usr/lib/gcc/arm-none-eabi/9.2.1/libgcc.a(_dvmd_tls.o)
                0x0000000000001460                __aeabi_ldiv0
                0x0000000000001460                __aeabi_idiv0

.glue_7         0x0000000000001464        0x0
 .glue_7        0x0000000000001464        0x0 linker stubs

.glue_7t        0x0000000000001464        0x0
 .glue_7t       0x0000000000001464        0x0 linker stubs

.vfp11_veneer   0x0000000000001464        0x0
 .vfp11_veneer  0x0000000000001464        0x0 linker stubs

.v4_bx          0x0000000000001464        0x0
 .v4_bx         0x0000000000001464        0x0 linker stubs

.iplt           0x0000000000001464        0x0
 .iplt          0x0000000000001464        0x0 build/Entry.os

.rel.dyn        0x0000000000001464        0x0
 .rel.iplt      0x0000000000001464        0x0 build/Entry.os

.data           0x0000000000001464       0x10
 *(.data)
 .data          0x0000000000001464        0x0 build/Entry.os
 .data          0x0000000000001464        0x0 build/Main.o
 .data          0x0000000000001464        0x0 build/Handler.o
 .data          0x0000000000001464       0x10 build/Regs.o
                0x0000000000001464                Uart
                0x0000000000001468                GicCpu
                0x000000000000146c                GicDist
                0x0000000000001470                Timer
 .data          0x0000000000001474        0x0 build/Interrupt.o
 .data          0x0000000000001474        0x0 build/Uart.o
 .data          0x0000000000001474        0x0 build/Timer.o
 .data          0x0000000000001474        0x0 build/stdlib.o
 .data          0x0000000000001474        0x0 build/stdio.o
 .data          0x0000000000001474        0x0 build/armcpu.o
 .data          0x0000000000001474        0x0 build/task.o
 .data          0x0000000000001474        0x0 build/Kernel.o
 .data          0x0000000000001474        0x0 /usr/lib/gcc/arm-none-eabi/9.2.1/libgcc.a(_udivsi3.o)
 .data          0x0000000000001474        0x0 /usr/lib/gcc/arm-none-eabi/9.2.1/libgcc.a(_dvmd_tls.o)

.igot.plt       0x0000000000001474        0x0
 .igot.plt      0x0000000000001474        0x0 build/Entry.os

.bss            0x0000000000001474      0xa10
 *(.bss)
 .bss           0x0000000000001474        0x0 build/Entry.os
 .bss           0x0000000000001474        0x0 build/Main.o
 .bss           0x0000000000001474        0x0 build/Handler.o
 .bss           0x0000000000001474        0x0 build/Regs.o
 .bss           0x0000000000001474      0x3fc build/Interrupt.o
 .bss           0x0000000000001870        0x0 build/Uart.o
 .bss           0x0000000000001870        0x4 build/Timer.o
 .bss           0x0000000000001874        0x0 build/stdlib.o
 .bss           0x0000000000001874      0x400 build/stdio.o
 .bss           0x0000000000001c74        0x0 build/armcpu.o
 .bss           0x0000000000001c74      0x210 build/task.o
 .bss           0x0000000000001e84        0x0 build/Kernel.o
 .bss           0x0000000000001e84        0x0 /usr/lib/gcc/arm-none-eabi/9.2.1/libgcc.a(_udivsi3.o)
 .bss           0x0000000000001e84        0x0 /usr/lib/gcc/arm-none-eabi/9.2.1/libgcc.a(_dvmd_tls.o)
OUTPUT(build/navilos.axf elf32-littlearm)
LOAD linker stubs

.ARM.attributes
                0x0000000000000000       0x2b
 .ARM.attributes
                0x0000000000000000       0x1d build/Entry.os
 .ARM.attributes
                0x000000000000001d       0x2f build/Main.o
 .ARM.attributes
                0x000000000000004c       0x2f build/Handler.o
 .ARM.attributes
                0x000000000000007b       0x2f build/Regs.o
 .ARM.attributes
                0x00000000000000aa       0x2f build/Interrupt.o
 .ARM.attributes
                0x00000000000000d9       0x2f build/Uart.o
 .ARM.attributes
                0x0000000000000108       0x2f build/Timer.o
 .ARM.attributes
                0x0000000000000137       0x2f build/stdlib.o
 .ARM.attributes
                0x0000000000000166       0x2f build/stdio.o
 .ARM.attributes
                0x0000000000000195       0x2f build/armcpu.o
 .ARM.attributes
                0x00000000000001c4       0x2f build/task.o
 .ARM.attributes
                0x00000000000001f3       0x2f build/Kernel.o
 .ARM.attributes
                0x0000000000000222       0x1c /usr/lib/gcc/arm-none-eabi/9.2.1/libgcc.a(_udivsi3.o)
 .ARM.attributes
                0x000000000000023e       0x1c /usr/lib/gcc/arm-none-eabi/9.2.1/libgcc.a(_dvmd_tls.o)

.comment        0x0000000000000000       0x59
 .comment       0x0000000000000000       0x59 build/Main.o
                                         0x5a (size before relaxing)
 .comment       0x0000000000000059       0x5a build/Handler.o
 .comment       0x0000000000000059       0x5a build/Regs.o
 .comment       0x0000000000000059       0x5a build/Interrupt.o
 .comment       0x0000000000000059       0x5a build/Uart.o
 .comment       0x0000000000000059       0x5a build/Timer.o
 .comment       0x0000000000000059       0x5a build/stdlib.o
 .comment       0x0000000000000059       0x5a build/stdio.o
 .comment       0x0000000000000059       0x5a build/armcpu.o
 .comment       0x0000000000000059       0x5a build/task.o
 .comment       0x0000000000000059       0x5a build/Kernel.o

.debug_line     0x0000000000000000      0x9f7
 .debug_line    0x0000000000000000       0x6d build/Entry.os
 .debug_line    0x000000000000006d      0x104 build/Main.o
 .debug_line    0x0000000000000171       0x4e build/Handler.o
 .debug_line    0x00000000000001bf       0x68 build/Regs.o
 .debug_line    0x0000000000000227      0x126 build/Interrupt.o
 .debug_line    0x000000000000034d       0xf2 build/Uart.o
 .debug_line    0x000000000000043f       0xe0 build/Timer.o
 .debug_line    0x000000000000051f       0x6a build/stdlib.o
 .debug_line    0x0000000000000589      0x180 build/stdio.o
 .debug_line    0x0000000000000709       0x6f build/armcpu.o
 .debug_line    0x0000000000000778      0x166 build/task.o
 .debug_line    0x00000000000008de       0x4e build/Kernel.o
 .debug_line    0x000000000000092c       0x74 /usr/lib/gcc/arm-none-eabi/9.2.1/libgcc.a(_udivsi3.o)
 .debug_line    0x00000000000009a0       0x57 /usr/lib/gcc/arm-none-eabi/9.2.1/libgcc.a(_dvmd_tls.o)

.debug_info     0x0000000000000000     0x30a0
 .debug_info    0x0000000000000000       0x26 build/Entry.os
 .debug_info    0x0000000000000026      0x15b build/Main.o
 .debug_info    0x0000000000000181       0x82 build/Handler.o
 .debug_info    0x0000000000000203     0x124d build/Regs.o
 .debug_info    0x0000000000001450      0x691 build/Interrupt.o
 .debug_info    0x0000000000001ae1      0xbcc build/Uart.o
 .debug_info    0x00000000000026ad      0x2cd build/Timer.o
 .debug_info    0x000000000000297a       0x9a build/stdlib.o
 .debug_info    0x0000000000002a14      0x2ad build/stdio.o
 .debug_info    0x0000000000002cc1       0x6e build/armcpu.o
 .debug_info    0x0000000000002d2f      0x29c build/task.o
 .debug_info    0x0000000000002fcb       0x89 build/Kernel.o
 .debug_info    0x0000000000003054       0x26 /usr/lib/gcc/arm-none-eabi/9.2.1/libgcc.a(_udivsi3.o)
 .debug_info    0x000000000000307a       0x26 /usr/lib/gcc/arm-none-eabi/9.2.1/libgcc.a(_dvmd_tls.o)

.debug_abbrev   0x0000000000000000      0xa6b
 .debug_abbrev  0x0000000000000000       0x14 build/Entry.os
 .debug_abbrev  0x0000000000000014       0xcc build/Main.o
 .debug_abbrev  0x00000000000000e0       0x5e build/Handler.o
 .debug_abbrev  0x000000000000013e      0x11a build/Regs.o
 .debug_abbrev  0x0000000000000258      0x19c build/Interrupt.o
 .debug_abbrev  0x00000000000003f4      0x19d build/Uart.o
 .debug_abbrev  0x0000000000000591      0x132 build/Timer.o
 .debug_abbrev  0x00000000000006c3       0x75 build/stdlib.o
 .debug_abbrev  0x0000000000000738      0x131 build/stdio.o
 .debug_abbrev  0x0000000000000869       0x2e build/armcpu.o
 .debug_abbrev  0x0000000000000897      0x168 build/task.o
 .debug_abbrev  0x00000000000009ff       0x44 build/Kernel.o
 .debug_abbrev  0x0000000000000a43       0x14 /usr/lib/gcc/arm-none-eabi/9.2.1/libgcc.a(_udivsi3.o)
 .debug_abbrev  0x0000000000000a57       0x14 /usr/lib/gcc/arm-none-eabi/9.2.1/libgcc.a(_dvmd_tls.o)

.debug_aranges  0x0000000000000000      0x1b8
 .debug_aranges
                0x0000000000000000       0x20 build/Entry.os
 .debug_aranges
                0x0000000000000020       0x20 build/Main.o
 .debug_aranges
                0x0000000000000040       0x20 build/Handler.o
 .debug_aranges
                0x0000000000000060       0x18 build/Regs.o
 .debug_aranges
                0x0000000000000078       0x20 build/Interrupt.o
 .debug_aranges
                0x0000000000000098       0x20 build/Uart.o
 .debug_aranges
                0x00000000000000b8       0x20 build/Timer.o
 .debug_aranges
                0x00000000000000d8       0x20 build/stdlib.o
 .debug_aranges
                0x00000000000000f8       0x20 build/stdio.o
 .debug_aranges
                0x0000000000000118       0x20 build/armcpu.o
 .debug_aranges
                0x0000000000000138       0x20 build/task.o
 .debug_aranges
                0x0000000000000158       0x20 build/Kernel.o
 .debug_aranges
                0x0000000000000178       0x20 /usr/lib/gcc/arm-none-eabi/9.2.1/libgcc.a(_udivsi3.o)
 .debug_aranges
                0x0000000000000198       0x20 /usr/lib/gcc/arm-none-eabi/9.2.1/libgcc.a(_dvmd_tls.o)

.debug_str      0x0000000000000000      0xbcc
 .debug_str     0x0000000000000000       0x38 build/Entry.os
 .debug_str     0x0000000000000038      0x169 build/Main.o
                                        0x182 (size before relaxing)
 .debug_str     0x00000000000001a1       0x27 build/Handler.o
                                        0x135 (size before relaxing)
 .debug_str     0x00000000000001c8      0x5ac build/Regs.o
                                        0x6d1 (size before relaxing)
 .debug_str     0x0000000000000774       0xbb build/Interrupt.o
                                        0x3e0 (size before relaxing)
 .debug_str     0x000000000000082f       0x61 build/Uart.o
                                        0x471 (size before relaxing)
 .debug_str     0x0000000000000890       0x5d build/Timer.o
                                        0x289 (size before relaxing)
 .debug_str     0x00000000000008ed       0x18 build/stdlib.o
                                        0x12f (size before relaxing)
 .debug_str     0x0000000000000905       0x72 build/stdio.o
                                        0x1a3 (size before relaxing)
 .debug_str     0x0000000000000977       0x3b build/armcpu.o
                                         0xe7 (size before relaxing)
 .debug_str     0x00000000000009b2      0x172 build/task.o
                                        0x29e (size before relaxing)
 .debug_str     0x0000000000000b24       0x2a build/Kernel.o
                                        0x145 (size before relaxing)
 .debug_str     0x0000000000000b4e       0x7e /usr/lib/gcc/arm-none-eabi/9.2.1/libgcc.a(_udivsi3.o)
                                         0x8a (size before relaxing)
 .debug_str     0x0000000000000bcc       0x8a /usr/lib/gcc/arm-none-eabi/9.2.1/libgcc.a(_dvmd_tls.o)

.debug_frame    0x0000000000000000      0x5a0
 .debug_frame   0x0000000000000000       0xdc build/Main.o
 .debug_frame   0x00000000000000dc       0x50 build/Handler.o
 .debug_frame   0x000000000000012c       0xb0 build/Interrupt.o
 .debug_frame   0x00000000000001dc       0x8c build/Uart.o
 .debug_frame   0x0000000000000268       0x70 build/Timer.o
 .debug_frame   0x00000000000002d8       0x30 build/stdlib.o
 .debug_frame   0x0000000000000308       0xac build/stdio.o
 .debug_frame   0x00000000000003b4       0x90 build/armcpu.o
 .debug_frame   0x0000000000000444       0xf4 build/task.o
 .debug_frame   0x0000000000000538       0x48 build/Kernel.o
 .debug_frame   0x0000000000000580       0x20 /usr/lib/gcc/arm-none-eabi/9.2.1/libgcc.a(_udivsi3.o)
