Archive member included to satisfy reference by file (symbol)

/usr/lib/gcc/arm-none-eabi/9.2.1/libgcc.a(_udivsi3.o)
                              build/stdio.o (__aeabi_uidiv)
/usr/lib/gcc/arm-none-eabi/9.2.1/libgcc.a(_dvmd_tls.o)
                              /usr/lib/gcc/arm-none-eabi/9.2.1/libgcc.a(_udivsi3.o) (__aeabi_idiv0)

Memory Configuration

Name             Origin             Length             Attributes
*default*        0x0000000000000000 0xffffffffffffffff

Linker script and memory map

LOAD build/Entry.os
LOAD build/Main.o
LOAD build/Handler.o
LOAD build/Regs.o
LOAD build/Interrupt.o
LOAD build/Uart.o
LOAD build/Timer.o
LOAD build/stdlib.o
LOAD build/stdio.o
LOAD build/armcpu.o
LOAD build/task.o
LOAD build/Kernel.o
LOAD /usr/lib/gcc/arm-none-eabi/9.2.1/libgcc.a
                0x0000000000000000                . = 0x0

.text           0x0000000000000000     0x1590
 *(vector_start)
 *(.text .rodata)
 .text          0x0000000000000000       0xd4 build/Entry.os
                0x0000000000000000                vector_start
                0x000000000000003c                vector_end
 .text          0x00000000000000d4      0x2b8 build/Main.o
                0x00000000000000d4                main
                0x0000000000000308                User_task0
                0x0000000000000334                User_task1
                0x0000000000000360                User_task2
 .rodata        0x000000000000038c      0x162 build/Main.o
 *fill*         0x00000000000004ee        0x2 
 .text          0x00000000000004f0       0x24 build/Handler.o
                0x00000000000004f0                Irq_Handler
                0x000000000000050c                Fiq_Handler
 .text          0x0000000000000514        0x0 build/Regs.o
 .text          0x0000000000000514      0x2f0 build/Interrupt.o
                0x0000000000000514                Hal_interrupt_init
                0x00000000000005b0                Hal_interrupt_enable
                0x000000000000067c                Hal_interrupt_disable
                0x0000000000000748                Hal_interrupt_register_handler
                0x0000000000000780                Hal_interrupt_run_handler
 .text          0x0000000000000804      0x1b0 build/Uart.o
                0x0000000000000804                Hal_uart_init
                0x00000000000008a4                Hal_uart_put_char
                0x0000000000000900                Hal_uart_get_char
 .text          0x00000000000009b4      0x214 build/Timer.o
                0x00000000000009b4                Hal_timer_init
                0x0000000000000ba4                Hal_timer_get_1ms_counter
 .rodata        0x0000000000000bc8       0x22 build/Timer.o
 *fill*         0x0000000000000bea        0x2 
 .text          0x0000000000000bec       0x4c build/stdlib.o
                0x0000000000000bec                delay
 .text          0x0000000000000c38      0x44c build/stdio.o
                0x0000000000000c38                putstr
                0x0000000000000c98                debug_printf
                0x0000000000000ce8                vsprintf
                0x0000000000000f70                utoa
 .rodata        0x0000000000001084        0x7 build/stdio.o
 *fill*         0x000000000000108b        0x1 
 .text          0x000000000000108c       0xb0 build/armcpu.o
                0x000000000000108c                enable_irq
                0x00000000000010b8                enable_fiq
                0x00000000000010e4                disable_irq
                0x0000000000001110                disable_fiq
 .text          0x000000000000113c      0x300 build/task.o
                0x000000000000113c                Kernel_task_init
                0x0000000000001248                Kernel_task_start
                0x0000000000001284                Kernel_task_create
                0x0000000000001398                Kernel_task_scheduler
                0x00000000000013e8                Kernel_task_context_switching
 .text          0x000000000000143c       0x3c build/Kernel.o
                0x000000000000143c                Kernel_start
                0x0000000000001450                Kernel_yield
                0x0000000000001464                Kernel_timer_expired
 .text          0x0000000000001478      0x114 /usr/lib/gcc/arm-none-eabi/9.2.1/libgcc.a(_udivsi3.o)
                0x0000000000001478                __udivsi3
                0x0000000000001478                __aeabi_uidiv
                0x000000000000156c                __aeabi_uidivmod
 .text          0x000000000000158c        0x4 /usr/lib/gcc/arm-none-eabi/9.2.1/libgcc.a(_dvmd_tls.o)
                0x000000000000158c                __aeabi_ldiv0
                0x000000000000158c                __aeabi_idiv0

.glue_7         0x0000000000001590        0x0
 .glue_7        0x0000000000001590        0x0 linker stubs

.glue_7t        0x0000000000001590        0x0
 .glue_7t       0x0000000000001590        0x0 linker stubs

.vfp11_veneer   0x0000000000001590        0x0
 .vfp11_veneer  0x0000000000001590        0x0 linker stubs

.v4_bx          0x0000000000001590        0x0
 .v4_bx         0x0000000000001590        0x0 linker stubs

.iplt           0x0000000000001590        0x0
 .iplt          0x0000000000001590        0x0 build/Entry.os

.rel.dyn        0x0000000000001590        0x0
 .rel.iplt      0x0000000000001590        0x0 build/Entry.os

.data           0x0000000000001590       0x10
 *(.data)
 .data          0x0000000000001590        0x0 build/Entry.os
 .data          0x0000000000001590        0x0 build/Main.o
 .data          0x0000000000001590        0x0 build/Handler.o
 .data          0x0000000000001590       0x10 build/Regs.o
                0x0000000000001590                Uart
                0x0000000000001594                GicCpu
                0x0000000000001598                GicDist
                0x000000000000159c                Timer
 .data          0x00000000000015a0        0x0 build/Interrupt.o
 .data          0x00000000000015a0        0x0 build/Uart.o
 .data          0x00000000000015a0        0x0 build/Timer.o
 .data          0x00000000000015a0        0x0 build/stdlib.o
 .data          0x00000000000015a0        0x0 build/stdio.o
 .data          0x00000000000015a0        0x0 build/armcpu.o
 .data          0x00000000000015a0        0x0 build/task.o
 .data          0x00000000000015a0        0x0 build/Kernel.o
 .data          0x00000000000015a0        0x0 /usr/lib/gcc/arm-none-eabi/9.2.1/libgcc.a(_udivsi3.o)
 .data          0x00000000000015a0        0x0 /usr/lib/gcc/arm-none-eabi/9.2.1/libgcc.a(_dvmd_tls.o)

.igot.plt       0x00000000000015a0        0x0
 .igot.plt      0x00000000000015a0        0x0 build/Entry.os

.bss            0x00000000000015a0      0xa10
 *(.bss)
 .bss           0x00000000000015a0        0x0 build/Entry.os
 .bss           0x00000000000015a0        0x0 build/Main.o
 .bss           0x00000000000015a0        0x0 build/Handler.o
 .bss           0x00000000000015a0        0x0 build/Regs.o
 .bss           0x00000000000015a0      0x3fc build/Interrupt.o
 .bss           0x000000000000199c        0x0 build/Uart.o
 .bss           0x000000000000199c        0x4 build/Timer.o
 .bss           0x00000000000019a0        0x0 build/stdlib.o
 .bss           0x00000000000019a0      0x400 build/stdio.o
 .bss           0x0000000000001da0        0x0 build/armcpu.o
 .bss           0x0000000000001da0      0x210 build/task.o
 .bss           0x0000000000001fb0        0x0 build/Kernel.o
 .bss           0x0000000000001fb0        0x0 /usr/lib/gcc/arm-none-eabi/9.2.1/libgcc.a(_udivsi3.o)
 .bss           0x0000000000001fb0        0x0 /usr/lib/gcc/arm-none-eabi/9.2.1/libgcc.a(_dvmd_tls.o)
OUTPUT(build/navilos.axf elf32-littlearm)
LOAD linker stubs

.ARM.attributes
                0x0000000000000000       0x2b
 .ARM.attributes
                0x0000000000000000       0x1d build/Entry.os
 .ARM.attributes
                0x000000000000001d       0x2f build/Main.o
 .ARM.attributes
                0x000000000000004c       0x2f build/Handler.o
 .ARM.attributes
                0x000000000000007b       0x2f build/Regs.o
 .ARM.attributes
                0x00000000000000aa       0x2f build/Interrupt.o
 .ARM.attributes
                0x00000000000000d9       0x2f build/Uart.o
 .ARM.attributes
                0x0000000000000108       0x2f build/Timer.o
 .ARM.attributes
                0x0000000000000137       0x2f build/stdlib.o
 .ARM.attributes
                0x0000000000000166       0x2f build/stdio.o
 .ARM.attributes
                0x0000000000000195       0x2f build/armcpu.o
 .ARM.attributes
                0x00000000000001c4       0x2f build/task.o
 .ARM.attributes
                0x00000000000001f3       0x2f build/Kernel.o
 .ARM.attributes
                0x0000000000000222       0x1c /usr/lib/gcc/arm-none-eabi/9.2.1/libgcc.a(_udivsi3.o)
 .ARM.attributes
                0x000000000000023e       0x1c /usr/lib/gcc/arm-none-eabi/9.2.1/libgcc.a(_dvmd_tls.o)

.comment        0x0000000000000000       0x59
 .comment       0x0000000000000000       0x59 build/Main.o
                                         0x5a (size before relaxing)
 .comment       0x0000000000000059       0x5a build/Handler.o
 .comment       0x0000000000000059       0x5a build/Regs.o
 .comment       0x0000000000000059       0x5a build/Interrupt.o
 .comment       0x0000000000000059       0x5a build/Uart.o
 .comment       0x0000000000000059       0x5a build/Timer.o
 .comment       0x0000000000000059       0x5a build/stdlib.o
 .comment       0x0000000000000059       0x5a build/stdio.o
 .comment       0x0000000000000059       0x5a build/armcpu.o
 .comment       0x0000000000000059       0x5a build/task.o
 .comment       0x0000000000000059       0x5a build/Kernel.o

.debug_line     0x0000000000000000      0x9d5
 .debug_line    0x0000000000000000       0x6d build/Entry.os
 .debug_line    0x000000000000006d       0xe3 build/Main.o
 .debug_line    0x0000000000000150       0x4e build/Handler.o
 .debug_line    0x000000000000019e       0x68 build/Regs.o
 .debug_line    0x0000000000000206      0x126 build/Interrupt.o
 .debug_line    0x000000000000032c       0xf2 build/Uart.o
 .debug_line    0x000000000000041e       0xe3 build/Timer.o
 .debug_line    0x0000000000000501       0x6a build/stdlib.o
 .debug_line    0x000000000000056b      0x180 build/stdio.o
 .debug_line    0x00000000000006eb       0x6f build/armcpu.o
 .debug_line    0x000000000000075a      0x159 build/task.o
 .debug_line    0x00000000000008b3       0x57 build/Kernel.o
 .debug_line    0x000000000000090a       0x74 /usr/lib/gcc/arm-none-eabi/9.2.1/libgcc.a(_udivsi3.o)
 .debug_line    0x000000000000097e       0x57 /usr/lib/gcc/arm-none-eabi/9.2.1/libgcc.a(_dvmd_tls.o)

.debug_info     0x0000000000000000     0x30cc
 .debug_info    0x0000000000000000       0x26 build/Entry.os
 .debug_info    0x0000000000000026      0x19c build/Main.o
 .debug_info    0x00000000000001c2       0x82 build/Handler.o
 .debug_info    0x0000000000000244     0x124d build/Regs.o
 .debug_info    0x0000000000001491      0x691 build/Interrupt.o
 .debug_info    0x0000000000001b22      0xbcc build/Uart.o
 .debug_info    0x00000000000026ee      0x2c6 build/Timer.o
 .debug_info    0x00000000000029b4       0x9a build/stdlib.o
 .debug_info    0x0000000000002a4e      0x2ad build/stdio.o
 .debug_info    0x0000000000002cfb       0x6e build/armcpu.o
 .debug_info    0x0000000000002d69      0x283 build/task.o
 .debug_info    0x0000000000002fec       0x94 build/Kernel.o
 .debug_info    0x0000000000003080       0x26 /usr/lib/gcc/arm-none-eabi/9.2.1/libgcc.a(_udivsi3.o)
 .debug_info    0x00000000000030a6       0x26 /usr/lib/gcc/arm-none-eabi/9.2.1/libgcc.a(_dvmd_tls.o)

.debug_abbrev   0x0000000000000000      0xa6b
 .debug_abbrev  0x0000000000000000       0x14 build/Entry.os
 .debug_abbrev  0x0000000000000014       0xcc build/Main.o
 .debug_abbrev  0x00000000000000e0       0x5e build/Handler.o
 .debug_abbrev  0x000000000000013e      0x11a build/Regs.o
 .debug_abbrev  0x0000000000000258      0x19c build/Interrupt.o
 .debug_abbrev  0x00000000000003f4      0x19d build/Uart.o
 .debug_abbrev  0x0000000000000591      0x132 build/Timer.o
 .debug_abbrev  0x00000000000006c3       0x75 build/stdlib.o
 .debug_abbrev  0x0000000000000738      0x131 build/stdio.o
 .debug_abbrev  0x0000000000000869       0x2e build/armcpu.o
 .debug_abbrev  0x0000000000000897      0x168 build/task.o
 .debug_abbrev  0x00000000000009ff       0x44 build/Kernel.o
 .debug_abbrev  0x0000000000000a43       0x14 /usr/lib/gcc/arm-none-eabi/9.2.1/libgcc.a(_udivsi3.o)
 .debug_abbrev  0x0000000000000a57       0x14 /usr/lib/gcc/arm-none-eabi/9.2.1/libgcc.a(_dvmd_tls.o)

.debug_aranges  0x0000000000000000      0x1b8
 .debug_aranges
                0x0000000000000000       0x20 build/Entry.os
 .debug_aranges
                0x0000000000000020       0x20 build/Main.o
 .debug_aranges
                0x0000000000000040       0x20 build/Handler.o
 .debug_aranges
                0x0000000000000060       0x18 build/Regs.o
 .debug_aranges
                0x0000000000000078       0x20 build/Interrupt.o
 .debug_aranges
                0x0000000000000098       0x20 build/Uart.o
 .debug_aranges
                0x00000000000000b8       0x20 build/Timer.o
 .debug_aranges
                0x00000000000000d8       0x20 build/stdlib.o
 .debug_aranges
                0x00000000000000f8       0x20 build/stdio.o
 .debug_aranges
                0x0000000000000118       0x20 build/armcpu.o
 .debug_aranges
                0x0000000000000138       0x20 build/task.o
 .debug_aranges
                0x0000000000000158       0x20 build/Kernel.o
 .debug_aranges
                0x0000000000000178       0x20 /usr/lib/gcc/arm-none-eabi/9.2.1/libgcc.a(_udivsi3.o)
 .debug_aranges
                0x0000000000000198       0x20 /usr/lib/gcc/arm-none-eabi/9.2.1/libgcc.a(_dvmd_tls.o)

.debug_str      0x0000000000000000      0xbb9
 .debug_str     0x0000000000000000       0x38 build/Entry.os
 .debug_str     0x0000000000000038      0x15a build/Main.o
                                        0x197 (size before relaxing)
 .debug_str     0x0000000000000192       0x27 build/Handler.o
                                        0x135 (size before relaxing)
 .debug_str     0x00000000000001b9      0x5ac build/Regs.o
                                        0x6ca (size before relaxing)
 .debug_str     0x0000000000000765       0xbb build/Interrupt.o
                                        0x3d9 (size before relaxing)
 .debug_str     0x0000000000000820       0x61 build/Uart.o
                                        0x46a (size before relaxing)
 .debug_str     0x0000000000000881       0x5d build/Timer.o
                                        0x27c (size before relaxing)
 .debug_str     0x00000000000008de       0x18 build/stdlib.o
                                        0x12f (size before relaxing)
 .debug_str     0x00000000000008f6       0x72 build/stdio.o
                                        0x1a3 (size before relaxing)
 .debug_str     0x0000000000000968       0x3b build/armcpu.o
                                         0xe0 (size before relaxing)
 .debug_str     0x00000000000009a3      0x159 build/task.o
                                        0x278 (size before relaxing)
 .debug_str     0x0000000000000afc       0x3f build/Kernel.o
                                        0x14d (size before relaxing)
 .debug_str     0x0000000000000b3b       0x7e /usr/lib/gcc/arm-none-eabi/9.2.1/libgcc.a(_udivsi3.o)
                                         0x8a (size before relaxing)
 .debug_str     0x0000000000000bb9       0x8a /usr/lib/gcc/arm-none-eabi/9.2.1/libgcc.a(_dvmd_tls.o)

.debug_frame    0x0000000000000000      0x5b4
 .debug_frame   0x0000000000000000       0xf8 build/Main.o
 .debug_frame   0x00000000000000f8       0x50 build/Handler.o
 .debug_frame   0x0000000000000148       0xb0 build/Interrupt.o
 .debug_frame   0x00000000000001f8       0x8c build/Uart.o
 .debug_frame   0x0000000000000284       0x6c build/Timer.o
 .debug_frame   0x00000000000002f0       0x30 build/stdlib.o
 .debug_frame   0x0000000000000320       0xac build/stdio.o
 .debug_frame   0x00000000000003cc       0x90 build/armcpu.o
 .debug_frame   0x000000000000045c       0xd4 build/task.o
 .debug_frame   0x0000000000000530       0x64 build/Kernel.o
 .debug_frame   0x0000000000000594       0x20 /usr/lib/gcc/arm-none-eabi/9.2.1/libgcc.a(_udivsi3.o)
